\BOOKMARK [0][-]{chapter*.2}{\376\377\000\315\000n\000d\000i\000c\000e\000\040\000d\000e\000\040\000F\000i\000g\000u\000r\000a\000s}{}% 1
\BOOKMARK [0][-]{chapter*.3}{\376\377\000\315\000n\000d\000i\000c\000e\000\040\000d\000e\000\040\000T\000a\000b\000l\000a\000s}{}% 2
\BOOKMARK [0][-]{chapter.1}{\376\377\000P\000L\000A\000N\000T\000E\000A\000M\000I\000E\000N\000T\000O\000\040\000D\000E\000L\000\040\000P\000R\000O\000B\000L\000E\000M\000A}{}% 3
\BOOKMARK [1][-]{section.1.1}{\376\377\000D\000e\000s\000c\000r\000i\000p\000c\000i\000\363\000n\000\040\000d\000e\000\040\000l\000a\000\040\000R\000e\000a\000l\000i\000d\000a\000d\000\040\000P\000r\000o\000b\000l\000e\000m\000\341\000t\000i\000c\000a}{chapter.1}% 4
\BOOKMARK [1][-]{section.1.2}{\376\377\000F\000o\000r\000m\000u\000l\000a\000c\000i\000\363\000n\000\040\000d\000e\000l\000\040\000P\000r\000o\000b\000l\000e\000m\000a}{chapter.1}% 5
\BOOKMARK [2][-]{subsection.1.2.1}{\376\377\000P\000r\000o\000b\000l\000e\000m\000a\000\040\000G\000e\000n\000e\000r\000a\000l}{section.1.2}% 6
\BOOKMARK [2][-]{subsection.1.2.2}{\376\377\000P\000r\000o\000b\000l\000e\000m\000a\000s\000\040\000E\000s\000p\000e\000c\000\355\000f\000i\000c\000o\000s}{section.1.2}% 7
\BOOKMARK [1][-]{section.1.3}{\376\377\000O\000b\000j\000e\000t\000i\000v\000o\000s\000\040\000d\000e\000\040\000l\000a\000\040\000I\000n\000v\000e\000s\000t\000i\000g\000a\000c\000i\000\363\000n}{chapter.1}% 8
\BOOKMARK [2][-]{subsection.1.3.1}{\376\377\000O\000b\000j\000e\000t\000i\000v\000o\000\040\000G\000e\000n\000e\000r\000a\000l}{section.1.3}% 9
\BOOKMARK [2][-]{subsection.1.3.2}{\376\377\000O\000b\000j\000e\000t\000i\000v\000o\000s\000\040\000E\000s\000p\000e\000c\000\355\000f\000i\000c\000o\000s}{section.1.3}% 10
\BOOKMARK [1][-]{section.1.4}{\376\377\000J\000u\000s\000t\000i\000f\000i\000c\000a\000c\000i\000\363\000n\000\040\000d\000e\000\040\000l\000a\000\040\000I\000n\000v\000e\000s\000t\000i\000g\000a\000c\000i\000\363\000n}{chapter.1}% 11
\BOOKMARK [2][-]{subsection.1.4.1}{\376\377\000T\000e\000\363\000r\000i\000c\000a}{section.1.4}% 12
\BOOKMARK [2][-]{subsection.1.4.2}{\376\377\000P\000r\000\341\000c\000t\000i\000c\000a}{section.1.4}% 13
\BOOKMARK [2][-]{subsection.1.4.3}{\376\377\000M\000e\000t\000o\000d\000o\000l\000\363\000g\000i\000c\000a}{section.1.4}% 14
\BOOKMARK [1][-]{section.1.5}{\376\377\000D\000e\000l\000i\000m\000i\000t\000a\000c\000i\000\363\000n\000\040\000d\000e\000l\000\040\000E\000s\000t\000u\000d\000i\000o}{chapter.1}% 15
\BOOKMARK [2][-]{subsection.1.5.1}{\376\377\000E\000s\000p\000a\000c\000i\000a\000l}{section.1.5}% 16
\BOOKMARK [2][-]{subsection.1.5.2}{\376\377\000T\000e\000m\000p\000o\000r\000a\000l}{section.1.5}% 17
\BOOKMARK [2][-]{subsection.1.5.3}{\376\377\000C\000o\000n\000c\000e\000p\000t\000u\000a\000l}{section.1.5}% 18
\BOOKMARK [1][-]{section.1.6}{\376\377\000H\000i\000p\000\363\000t\000e\000s\000i\000s}{chapter.1}% 19
\BOOKMARK [2][-]{subsection.1.6.1}{\376\377\000H\000i\000p\000\363\000t\000e\000s\000i\000s\000\040\000G\000e\000n\000e\000r\000a\000l}{section.1.6}% 20
\BOOKMARK [2][-]{subsection.1.6.2}{\376\377\000H\000i\000p\000\363\000t\000e\000s\000i\000s\000\040\000E\000s\000p\000e\000c\000\355\000f\000i\000c\000a\000s}{section.1.6}% 21
\BOOKMARK [2][-]{subsection.1.6.3}{\376\377\000M\000a\000t\000r\000i\000z\000\040\000d\000e\000\040\000C\000o\000n\000s\000i\000s\000t\000e\000n\000c\000i\000a}{section.1.6}% 22
\BOOKMARK [0][-]{chapter.2}{\376\377\000M\000A\000R\000C\000O\000\040\000T\000E\000\323\000R\000I\000C\000O}{}% 23
\BOOKMARK [1][-]{section.2.1}{\376\377\000A\000n\000t\000e\000c\000e\000d\000e\000n\000t\000e\000s\000\040\000d\000e\000\040\000l\000a\000\040\000i\000n\000v\000e\000s\000t\000i\000g\000a\000c\000i\000\363\000n}{chapter.2}% 24
\BOOKMARK [2][-]{subsection.2.1.1}{\376\377\000T\000e\000s\000i\000s\000\040\000r\000e\000l\000a\000c\000i\000o\000n\000a\000d\000a\000s}{section.2.1}% 25
\BOOKMARK [2][-]{subsection.2.1.2}{\376\377\000S\000a\000l\000e\000s\000\040\000f\000o\000r\000e\000c\000a\000s\000t\000i\000n\000g\000\040\000u\000s\000i\000n\000g\000\040\000l\000o\000n\000g\000\040\000s\000h\000o\000r\000t\000\040\000t\000e\000r\000m\000\040\000m\000e\000m\000o\000r\000y\000\040\000n\000e\000t\000w\000o\000r\000k\000s}{section.2.1}% 26
\BOOKMARK [3][-]{subsubsection.2.1.2.1}{\376\377\000P\000l\000a\000n\000t\000e\000a\000m\000i\000e\000n\000t\000o\000\040\000d\000e\000l\000\040\000P\000r\000o\000b\000l\000e\000m\000a\000\040\000y\000\040\000o\000b\000j\000e\000t\000i\000v\000o\000\040}{subsection.2.1.2}% 27
\BOOKMARK [3][-]{subsubsection.2.1.2.2}{\376\377\000B\000a\000s\000e\000\040\000d\000e\000\040\000d\000a\000t\000o\000s\000\040\000d\000e\000\040\000l\000o\000s\000\040\000a\000u\000t\000o\000r\000e\000s}{subsection.2.1.2}% 28
\BOOKMARK [3][-]{subsubsection.2.1.2.3}{\376\377\000M\000e\000t\000o\000d\000o\000l\000o\000g\000\355\000a\000\040\000e\000m\000p\000l\000e\000a\000d\000a\000\040\000p\000o\000r\000\040\000l\000o\000s\000\040\000a\000u\000t\000o\000r\000e\000s}{subsection.2.1.2}% 29
\BOOKMARK [3][-]{subsubsection.2.1.2.4}{\376\377\000R\000e\000s\000u\000l\000t\000a\000d\000o\000s\000\040\000o\000b\000t\000e\000n\000i\000d\000o\000s}{subsection.2.1.2}% 30
\BOOKMARK [1][-]{section.2.2}{\376\377\000F\000o\000o\000d\000\040\000S\000a\000l\000e\000s\000\040\000P\000r\000e\000d\000i\000c\000t\000i\000o\000n\000\040\000S\000t\000r\000a\000t\000e\000g\000y\000\040\000U\000s\000i\000n\000g\000\040\000M\000a\000c\000h\000i\000n\000e\000\040\000L\000e\000a\000r\000n\000i\000n\000g\000\040\000a\000n\000d\000\040\000D\000e\000e\000p\000\040\000L\000e\000a\000r\000n\000i\000n\000g\000\040\000A\000l\000g\000o\000r\000i\000t\000h\000m\000s\000\040\000f\000o\000o\000d\000s\000a\000l\000e\000s\0002\0000\0002\0003}{chapter.2}% 31
\BOOKMARK [2][-]{subsubsection.2.2.0.1}{\376\377\000P\000l\000a\000n\000t\000e\000a\000m\000i\000e\000n\000t\000o\000\040\000d\000e\000l\000\040\000P\000r\000o\000b\000l\000e\000m\000a\000\040\000y\000\040\000o\000b\000j\000e\000t\000i\000v\000o}{section.2.2}% 32
\BOOKMARK [3][-]{subsubsection.2.2.0.2}{\376\377\000B\000a\000s\000e\000\040\000d\000e\000\040\000d\000a\000t\000o\000s\000\040\000d\000e\000\040\000l\000o\000s\000\040\000a\000u\000t\000o\000r\000e\000s}{subsubsection.2.2.0.1}% 33
\BOOKMARK [3][-]{subsubsection.2.2.0.3}{\376\377\000M\000e\000t\000o\000d\000o\000l\000o\000g\000\355\000a\000\040\000e\000m\000p\000l\000e\000a\000d\000a\000\040\000p\000o\000r\000\040\000l\000o\000s\000\040\000a\000u\000t\000o\000r\000e\000s}{subsubsection.2.2.0.1}% 34
\BOOKMARK [3][-]{subsubsection.2.2.0.4}{\376\377\000R\000e\000s\000u\000l\000t\000a\000d\000o\000s\000\040\000o\000b\000t\000e\000n\000i\000d\000o\000s}{subsubsection.2.2.0.1}% 35
\BOOKMARK [2][-]{subsection.2.2.1}{}{section.2.2}% 36
\BOOKMARK [2][-]{subsection.2.2.2}{\376\377\000E\000f\000f\000e\000c\000t\000s\000\040\000o\000f\000\040\000d\000a\000t\000a\000\040\000t\000i\000m\000e\000\040\000l\000a\000g\000\040\000i\000n\000\040\000a\000\040\000d\000e\000c\000i\000s\000i\000o\000n\000-\000m\000a\000k\000i\000n\000g\000\040\000s\000y\000s\000t\000e\000m\000\040\000u\000s\000i\000n\000g\000\040\000m\000a\000c\000h\000i\000n\000e\000\040\000l\000e\000a\000r\000n\000i\000n\000g\000\040\000f\000o\000r\000\040\000p\000o\000r\000k\000\040\000p\000r\000i\000c\000e\000\040\000p\000r\000e\000d\000i\000c\000t\000i\000o\000n\000\040\000s\000u\000a\000z\000a\0002\0000\0002\0003\000p\000o\000r\000k\000\040}{section.2.2}% 37
\BOOKMARK [3][-]{subsubsection.2.2.2.1}{\376\377\000P\000l\000a\000n\000t\000e\000a\000m\000i\000e\000n\000t\000o\000\040\000d\000e\000l\000\040\000P\000r\000o\000b\000l\000e\000m\000a\000\040\000y\000\040\000O\000b\000j\000e\000t\000i\000v\000o}{subsection.2.2.2}% 38
\BOOKMARK [3][-]{subsubsection.2.2.2.2}{\376\377\000B\000a\000s\000e\000\040\000d\000e\000\040\000D\000a\000t\000o\000s}{subsection.2.2.2}% 39
\BOOKMARK [3][-]{subsubsection.2.2.2.3}{\376\377\000M\000e\000t\000o\000d\000o\000l\000o\000g\000\355\000a\000\040\000E\000m\000p\000l\000e\000a\000d\000a\000\040\000p\000o\000r\000\040\000l\000o\000s\000\040\000A\000u\000t\000o\000r\000e\000s}{subsection.2.2.2}% 40
\BOOKMARK [3][-]{subsubsection.2.2.2.4}{\376\377\000R\000e\000s\000u\000l\000t\000a\000d\000o\000s\000\040\000O\000b\000t\000e\000n\000i\000d\000o\000s}{subsection.2.2.2}% 41
\BOOKMARK [2][-]{subsection.2.2.3}{\376\377\000T\000i\000m\000e\040\021\000s\000e\000r\000i\000e\000s\000\040\000a\000n\000a\000l\000y\000s\000i\000s\000\040\000w\000i\000t\000h\000\040\000s\000m\000o\000o\000t\000h\000e\000d\000\040\000C\000o\000n\000v\000o\000l\000u\000t\000i\000o\000n\000a\000l\000\040\000N\000e\000u\000r\000a\000l\000\040\000N\000e\000t\000w\000o\000r\000k}{section.2.2}% 42
\BOOKMARK [3][-]{subsubsection.2.2.3.1}{\376\377\000P\000l\000a\000n\000t\000e\000a\000m\000i\000e\000n\000t\000o\000\040\000d\000e\000l\000\040\000P\000r\000o\000b\000l\000e\000m\000a\000\040\000y\000\040\000o\000b\000j\000e\000t\000i\000v\000o\000\040}{subsection.2.2.3}% 43
\BOOKMARK [3][-]{subsubsection.2.2.3.2}{\376\377\000B\000a\000s\000e\000\040\000d\000e\000\040\000d\000a\000t\000o\000s\000\040\000d\000e\000\040\000l\000o\000s\000\040\000a\000u\000t\000o\000r\000e\000s}{subsection.2.2.3}% 44
\BOOKMARK [3][-]{subsubsection.2.2.3.3}{\376\377\000M\000e\000t\000o\000d\000o\000l\000o\000g\000\355\000a\000\040\000e\000m\000p\000l\000e\000a\000d\000a\000\040\000p\000o\000r\000\040\000l\000o\000s\000\040\000a\000u\000t\000o\000r\000e\000s}{subsection.2.2.3}% 45
\BOOKMARK [3][-]{subsubsection.2.2.3.4}{\376\377\000R\000e\000s\000u\000l\000t\000a\000d\000o\000s\000\040\000o\000b\000t\000e\000n\000i\000d\000o\000s}{subsection.2.2.3}% 46
\BOOKMARK [2][-]{subsection.2.2.4}{\376\377\000C\000o\000n\000s\000t\000r\000u\000c\000t\000i\000o\000n\000\040\000o\000f\000\040\000p\000e\000r\000f\000o\000r\000m\000a\000n\000c\000e\000\040\000s\000c\000o\000r\000e\000\040\000d\000y\000n\000a\000m\000i\000c\000\040\000p\000r\000e\000d\000i\000c\000t\000i\000o\000n\000\040\000s\000y\000s\000t\000e\000m\000\040\000f\000o\000r\000\040\000c\000l\000i\000n\000i\000c\000a\000l\000\040\000d\000e\000p\000a\000r\000t\000m\000e\000n\000t\000s\000\040\000u\000s\000i\000n\000g\000\040\000e\000x\000p\000l\000a\000i\000n\000a\000b\000l\000e\000\040\000m\000a\000c\000h\000i\000n\000e\000\040\000l\000e\000a\000r\000n\000i\000n\000g\000\040\000w\000e\000n\0002\0000\0002\0006\000c\000l\000i\000n\000i\000c\000a\000l\000\040}{section.2.2}% 47
\BOOKMARK [3][-]{subsubsection.2.2.4.1}{\376\377\000P\000l\000a\000n\000t\000e\000a\000m\000i\000e\000n\000t\000o\000\040\000d\000e\000l\000\040\000p\000r\000o\000b\000l\000e\000m\000a\000\040\000y\000\040\000o\000b\000j\000e\000t\000i\000v\000o}{subsection.2.2.4}% 48
\BOOKMARK [3][-]{subsubsection.2.2.4.2}{\376\377\000B\000a\000s\000e\000\040\000d\000e\000\040\000d\000a\000t\000o\000s}{subsection.2.2.4}% 49
\BOOKMARK [3][-]{subsubsection.2.2.4.3}{\376\377\000M\000e\000t\000o\000d\000o\000l\000o\000g\000\355\000a\000\040\000e\000m\000p\000l\000e\000a\000d\000a\000\040\000p\000o\000r\000\040\000l\000o\000s\000\040\000a\000u\000t\000o\000r\000e\000s}{subsection.2.2.4}% 50
\BOOKMARK [3][-]{subsubsection.2.2.4.4}{\376\377\000R\000e\000s\000u\000l\000t\000a\000d\000o\000s\000\040\000o\000b\000t\000e\000n\000i\000d\000o\000s}{subsection.2.2.4}% 51
\BOOKMARK [2][-]{subsection.2.2.5}{\376\377\000T\000i\000m\000e\000\040\000S\000e\000r\000i\000e\000s\000\040\000F\000o\000r\000e\000c\000a\000s\000t\000i\000n\000g\000\040\000a\000n\000d\000\040\000M\000o\000d\000e\000l\000l\000i\000n\000g\000\040\000o\000f\000\040\000F\000o\000o\000d\000\040\000D\000e\000m\000a\000n\000d\000\040\000S\000u\000p\000p\000l\000y\000\040\000C\000h\000a\000i\000n\000\040\000b\000a\000s\000e\000d\000\040\000o\000n\000\040\000R\000e\000g\000r\000e\000s\000s\000o\000r\000s\000\040\000A\000n\000a\000l\000y\000s\000i\000s}{section.2.2}% 52
\BOOKMARK [3][-]{subsubsection.2.2.5.1}{\376\377\000P\000l\000a\000n\000t\000e\000a\000m\000i\000e\000n\000t\000o\000\040\000d\000e\000l\000\040\000P\000r\000o\000b\000l\000e\000m\000a\000\040\000y\000\040\000o\000b\000j\000e\000t\000i\000v\000o\000\040}{subsection.2.2.5}% 53
\BOOKMARK [3][-]{subsubsection.2.2.5.2}{\376\377\000B\000a\000s\000e\000\040\000d\000e\000\040\000d\000a\000t\000o\000s\000\040\000d\000e\000\040\000l\000o\000s\000\040\000a\000u\000t\000o\000r\000e\000s}{subsection.2.2.5}% 54
\BOOKMARK [3][-]{subsubsection.2.2.5.3}{\376\377\000M\000e\000t\000o\000d\000o\000l\000o\000g\000\355\000a\000\040\000e\000m\000p\000l\000e\000a\000d\000a\000\040\000p\000o\000r\000\040\000l\000o\000s\000\040\000a\000u\000t\000o\000r\000e\000s}{subsection.2.2.5}% 55
\BOOKMARK [3][-]{subsubsection.2.2.5.4}{\376\377\000R\000e\000s\000u\000l\000t\000a\000d\000o\000s\000\040\000o\000b\000t\000e\000n\000i\000d\000o\000s}{subsection.2.2.5}% 56
\BOOKMARK [2][-]{subsection.2.2.6}{\376\377\000A\000d\000v\000a\000n\000c\000i\000n\000g\000\040\000R\000e\000t\000a\000i\000l\000\040\000P\000r\000e\000d\000i\000c\000t\000i\000o\000n\000s\000:\000\040\000I\000n\000t\000e\000g\000r\000a\000t\000i\000n\000g\000\040\000D\000i\000v\000e\000r\000s\000e\000\040\000M\000a\000c\000h\000i\000n\000e\000\040\000L\000e\000a\000r\000n\000i\000n\000g\000\040\000M\000o\000d\000e\000l\000s\000\040\000f\000o\000r\000\040\000A\000c\000c\000u\000r\000a\000t\000e\000\040\000W\000a\000l\000m\000a\000r\000t\000\040\000S\000a\000l\000e\000s\000\040\000F\000o\000r\000e\000c\000a\000s\000t\000i\000n\000g\000\040\000w\000e\000n\0002\0000\0002\0006\000c\000l\000i\000n\000i\000c\000a\000l}{section.2.2}% 57
\BOOKMARK [3][-]{subsubsection.2.2.6.1}{\376\377\000P\000l\000a\000n\000t\000e\000a\000m\000i\000e\000n\000t\000o\000\040\000d\000e\000l\000\040\000P\000r\000o\000b\000l\000e\000m\000a\000\040\000y\000\040\000o\000b\000j\000e\000t\000i\000v\000o}{subsection.2.2.6}% 58
\BOOKMARK [3][-]{subsubsection.2.2.6.2}{\376\377\000B\000a\000s\000e\000\040\000d\000e\000\040\000d\000a\000t\000o\000s\000\040\000d\000e\000\040\000l\000o\000s\000\040\000a\000u\000t\000o\000r\000e\000s}{subsection.2.2.6}% 59
\BOOKMARK [3][-]{subsubsection.2.2.6.3}{\376\377\000M\000e\000t\000o\000d\000o\000l\000o\000g\000\355\000a\000\040\000e\000m\000p\000l\000e\000a\000d\000a\000\040\000p\000o\000r\000\040\000l\000o\000s\000\040\000a\000u\000t\000o\000r\000e\000s}{subsection.2.2.6}% 60
\BOOKMARK [3][-]{subsubsection.2.2.6.4}{\376\377\000R\000e\000s\000u\000l\000t\000a\000d\000o\000s\000\040\000o\000b\000t\000e\000n\000i\000d\000o\000s}{subsection.2.2.6}% 61
\BOOKMARK [2][-]{subsection.2.2.7}{\376\377\000D\000e\000e\000p\000\040\000l\000e\000a\000r\000n\000i\000n\000g\000-\000e\000n\000a\000b\000l\000e\000d\000\040\000c\000h\000e\000r\000r\000y\000\040\000p\000r\000i\000c\000e\000\040\000f\000o\000r\000e\000c\000a\000s\000t\000i\000n\000g\000\040\000a\000n\000d\000\040\000r\000e\000a\000l\000-\000t\000i\000m\000e\000\040\000s\000y\000s\000t\000e\000m\000\040\000d\000e\000p\000l\000o\000y\000m\000e\000n\000t\000\040\000a\000c\000r\000o\000s\000s\000\040\000m\000u\000l\000t\000i\000-\000m\000a\000r\000k\000e\000t\000\040\000s\000u\000p\000p\000l\000y\000\040\000c\000h\000a\000i\000n\000s\000\040\000i\000n\000\040\000I\000n\000d\000i\000a\000\040\000s\000h\000a\000h\000e\000e\000n\0002\0000\0002\0006\000c\000h\000e\000r\000r\000y}{section.2.2}% 62
\BOOKMARK [3][-]{subsubsection.2.2.7.1}{\376\377\000P\000l\000a\000n\000t\000e\000a\000m\000i\000e\000n\000t\000o\000\040\000d\000e\000l\000\040\000P\000r\000o\000b\000l\000e\000m\000a\000\040\000y\000\040\000O\000b\000j\000e\000t\000i\000v\000o}{subsection.2.2.7}% 63
\BOOKMARK [3][-]{subsubsection.2.2.7.2}{\376\377\000B\000a\000s\000e\000\040\000d\000e\000\040\000D\000a\000t\000o\000s}{subsection.2.2.7}% 64
\BOOKMARK [3][-]{subsubsection.2.2.7.3}{\376\377\000M\000e\000t\000o\000d\000o\000l\000o\000g\000\355\000a\000\040\000e\000m\000p\000l\000e\000a\000d\000a\000\040\000p\000o\000r\000\040\000l\000o\000s\000\040\000a\000u\000t\000o\000r\000e\000s}{subsection.2.2.7}% 65
\BOOKMARK [3][-]{subsubsection.2.2.7.4}{\376\377\000R\000e\000s\000u\000l\000t\000a\000d\000o\000s\000\040\000O\000b\000t\000e\000n\000i\000d\000o\000s}{subsection.2.2.7}% 66
\BOOKMARK [2][-]{subsection.2.2.8}{\376\377\000A\000u\000t\000o\000m\000a\000t\000e\000d\000\040\000w\000a\000t\000e\000r\000\040\000d\000e\000m\000a\000n\000d\000\040\000f\000o\000r\000e\000c\000a\000s\000t\000i\000n\000g\000\040\000f\000o\000r\000\040\000n\000a\000t\000i\000o\000n\000a\000l\000-\000s\000c\000a\000l\000e\000\040\000d\000e\000p\000l\000o\000y\000m\000e\000n\000t\000:\000\040\000a\000\040\000p\000r\000o\000p\000h\000e\000t\000-\000b\000a\000s\000e\000d\000\040\000f\000r\000a\000m\000e\000w\000o\000r\000k\000\040\000f\000o\000r\000\040\000P\000a\000l\000e\000s\000t\000i\000n\000i\000a\000n\000\040\000m\000u\000n\000i\000c\000i\000p\000a\000l\000\040\000w\000a\000t\000e\000r\000\040\000m\000a\000n\000a\000g\000e\000m\000e\000n\000t\000\040\000s\000a\000l\000m\000a\000n\0002\0000\0002\0006\000w\000a\000t\000e\000r}{section.2.2}% 67
\BOOKMARK [3][-]{subsubsection.2.2.8.1}{\376\377\000P\000l\000a\000n\000t\000e\000a\000m\000i\000e\000n\000t\000o\000\040\000d\000e\000l\000\040\000P\000r\000o\000b\000l\000e\000m\000a\000\040\000y\000\040\000o\000b\000j\000e\000t\000i\000v\000o}{subsection.2.2.8}% 68
\BOOKMARK [3][-]{subsubsection.2.2.8.2}{\376\377\000B\000a\000s\000e\000\040\000d\000e\000\040\000d\000a\000t\000o\000s}{subsection.2.2.8}% 69
\BOOKMARK [3][-]{subsubsection.2.2.8.3}{\376\377\000M\000e\000t\000o\000d\000o\000l\000o\000g\000\355\000a\000\040\000e\000m\000p\000l\000e\000a\000d\000a\000\040\000p\000o\000r\000\040\000l\000o\000s\000\040\000a\000u\000t\000o\000r\000e\000s}{subsection.2.2.8}% 70
\BOOKMARK [3][-]{subsubsection.2.2.8.4}{\376\377\000R\000e\000s\000u\000l\000t\000a\000d\000o\000s\000\040\000o\000b\000t\000e\000n\000i\000d\000o\000s}{subsection.2.2.8}% 71
\BOOKMARK [2][-]{subsection.2.2.9}{\376\377\000L\000i\000g\000h\000t\000w\000e\000i\000g\000h\000t\000\040\000m\000a\000c\000h\000i\000n\000e\000\040\000l\000e\000a\000r\000n\000i\000n\000g\000\040\000f\000r\000a\000m\000e\000w\000o\000r\000k\000\040\000u\000s\000i\000n\000g\000\040\000t\000e\000m\000p\000o\000r\000a\000l\000\040\000f\000e\000a\000t\000u\000r\000e\000s\000\040\000f\000o\000r\000\040\000e\000l\000e\000c\000t\000r\000i\000c\000\040\000v\000e\000h\000i\000c\000l\000e\000\040\000d\000e\000m\000a\000n\000d\000\040\000r\000e\000s\000p\000o\000n\000s\000e\000\040\000f\000o\000r\000e\000c\000a\000s\000t\000i\000n\000g\000\040\000o\000n\000\040\000e\000d\000g\000e\000\040\000d\000e\000v\000i\000c\000e\000s\000\040\000d\000u\000r\000r\000a\000n\000i\0002\0000\0002\0006\000e\000v}{section.2.2}% 72
\BOOKMARK [3][-]{subsubsection.2.2.9.1}{\376\377\000P\000l\000a\000n\000t\000e\000a\000m\000i\000e\000n\000t\000o\000\040\000d\000e\000l\000\040\000p\000r\000o\000b\000l\000e\000m\000a\000\040\000y\000\040\000o\000b\000j\000e\000t\000i\000v\000o}{subsection.2.2.9}% 73
\BOOKMARK [3][-]{subsubsection.2.2.9.2}{\376\377\000B\000a\000s\000e\000\040\000d\000e\000\040\000d\000a\000t\000o\000s}{subsection.2.2.9}% 74
\BOOKMARK [3][-]{subsubsection.2.2.9.3}{\376\377\000M\000e\000t\000o\000d\000o\000l\000o\000g\000\355\000a\000\040\000e\000m\000p\000l\000e\000a\000d\000a\000\040\000p\000o\000r\000\040\000l\000o\000s\000\040\000a\000u\000t\000o\000r\000e\000s}{subsection.2.2.9}% 75
\BOOKMARK [3][-]{subsubsection.2.2.9.4}{\376\377\000R\000e\000s\000u\000l\000t\000a\000d\000o\000s\000\040\000o\000b\000t\000e\000n\000i\000d\000o\000s}{subsection.2.2.9}% 76
\BOOKMARK [1][-]{section.2.3}{\376\377\000B\000a\000s\000e\000s\000\040\000T\000e\000\363\000r\000i\000c\000a\000s}{chapter.2}% 77
\BOOKMARK [2][-]{subsection.2.3.1}{\376\377\000G\000e\000s\000t\000i\000\363\000n\000\040\000d\000e\000\040\000l\000a\000\040\000c\000a\000d\000e\000n\000a\000\040\000d\000e\000\040\000s\000u\000m\000i\000n\000i\000s\000t\000r\000o\000\040\000d\000e\000\040\000p\000r\000o\000d\000u\000c\000t\000o\000s\000\040\000p\000e\000r\000e\000c\000i\000b\000l\000e\000s}{section.2.3}% 78
\BOOKMARK [3][-]{subsubsection.2.3.1.1}{\376\377\000L\000o\000g\000\355\000s\000t\000i\000c\000a\000\040\000d\000e\000\040\000m\000e\000r\000c\000a\000n\000c\000\355\000a\000s\000\040\000e\000n\000\040\000d\000e\000s\000c\000o\000m\000p\000o\000s\000i\000c\000i\000\363\000n}{subsection.2.3.1}% 79
\BOOKMARK [3][-]{subsubsection.2.3.1.2}{\376\377\000A\000d\000m\000i\000n\000i\000s\000t\000r\000a\000c\000i\000\363\000n\000\040\000d\000e\000\040\000e\000x\000i\000s\000t\000e\000n\000c\000i\000a\000s}{subsection.2.3.1}% 80
\BOOKMARK [3][-]{subsubsection.2.3.1.3}{\376\377\000C\000o\000n\000t\000r\000o\000l\000\040\000d\000e\000\040\000c\000a\000l\000i\000d\000a\000d\000\040\000y\000\040\000s\000e\000g\000u\000r\000i\000d\000a\000d\000\040\000a\000l\000i\000m\000e\000n\000t\000a\000r\000i\000a}{subsection.2.3.1}% 81
\BOOKMARK [2][-]{subsection.2.3.2}{\376\377\000M\000a\000c\000h\000i\000n\000e\000\040\000L\000e\000a\000r\000n\000i\000n\000g}{section.2.3}% 82
\BOOKMARK [3][-]{subsubsection.2.3.2.1}{\376\377\000\301\000r\000b\000o\000l\000e\000s\000\040\000d\000e\000\040\000d\000e\000c\000i\000s\000i\000\363\000n}{subsection.2.3.2}% 83
\BOOKMARK [3][-]{subsubsection.2.3.2.2}{\376\377\000R\000e\000g\000r\000e\000s\000i\000\363\000n\000\040\000l\000i\000n\000e\000a\000l}{subsection.2.3.2}% 84
\BOOKMARK [3][-]{subsubsection.2.3.2.3}{\376\377\000S\000u\000p\000p\000o\000r\000t\000\040\000V\000e\000c\000t\000o\000r\000\040\000R\000e\000g\000r\000e\000s\000s\000i\000o\000n}{subsection.2.3.2}% 85
\BOOKMARK [3][-]{subsubsection.2.3.2.4}{\376\377\000L\000o\000n\000g\000\040\000S\000h\000o\000r\000t\000-\000T\000e\000r\000m\000\040\000M\000e\000m\000o\000r\000y\000\040\000N\000e\000t\000w\000o\000r\000k\000\040\000\050\000L\000S\000T\000M\000\051}{subsection.2.3.2}% 86
\BOOKMARK [3][-]{subsubsection.2.3.2.5}{\376\377\000P\000r\000o\000p\000h\000e\000t}{subsection.2.3.2}% 87
\BOOKMARK [3][-]{subsubsection.2.3.2.6}{\376\377\000A\000u\000t\000o\000r\000e\000g\000r\000e\000s\000s\000i\000v\000e\000\040\000I\000n\000t\000e\000g\000r\000a\000t\000e\000d\000\040\000M\000o\000v\000i\000n\000g\000\040\000A\000v\000e\000r\000a\000g\000e\000\040\000\050\000A\000R\000I\000M\000A\000\051}{subsection.2.3.2}% 88
\BOOKMARK [2][-]{subsection.2.3.3}{\376\377\000M\000o\000d\000e\000l\000o\000s\000\040\000p\000r\000e\000d\000i\000c\000t\000i\000v\000o\000s\000\040\000d\000e\000\040\000d\000e\000m\000a\000n\000d\000a}{section.2.3}% 89
\BOOKMARK [3][-]{subsubsection.2.3.3.1}{\376\377\000A\000n\000\341\000l\000i\000s\000i\000s\000\040\000d\000e\000\040\000s\000e\000c\000u\000e\000n\000c\000i\000a\000s\000\040\000t\000e\000m\000p\000o\000r\000a\000l\000e\000s}{subsection.2.3.3}% 90
\BOOKMARK [3][-]{subsubsection.2.3.3.2}{\376\377\000I\000n\000t\000e\000l\000i\000g\000e\000n\000c\000i\000a\000\040\000a\000r\000t\000i\000f\000i\000c\000i\000a\000l\000\040\000y\000\040\000e\000x\000p\000l\000o\000r\000a\000c\000i\000\363\000n\000\040\000d\000e\000\040\000d\000a\000t\000o\000s}{subsection.2.3.3}% 91
\BOOKMARK [3][-]{subsubsection.2.3.3.3}{\376\377\000C\000o\000n\000f\000i\000r\000m\000a\000c\000i\000\363\000n\000\040\000y\000\040\000o\000p\000t\000i\000m\000i\000z\000a\000c\000i\000\363\000n\000\040\000d\000e\000\040\000m\000o\000d\000e\000l\000o\000s}{subsection.2.3.3}% 92
\BOOKMARK [2][-]{subsection.2.3.4}{\376\377\000S\000e\000r\000i\000e\000s\000\040\000d\000e\000\040\000t\000i\000e\000m\000p\000o}{section.2.3}% 93
\BOOKMARK [2][-]{subsection.2.3.5}{\376\377\000T\000i\000p\000o\000s\000\040\000d\000e\000\040\000s\000e\000r\000i\000e\000s\000\040\000t\000e\000m\000p\000o\000r\000a\000l\000e\000s}{section.2.3}% 94
\BOOKMARK [2][-]{subsection.2.3.6}{\376\377\000E\000l\000e\000m\000e\000n\000t\000o\000s\000\040\000d\000e\000\040\000l\000a\000\040\000s\000e\000r\000i\000e\000\040\000d\000e\000\040\000t\000i\000e\000m\000p\000o}{section.2.3}% 95
\BOOKMARK [2][-]{subsection.2.3.7}{\376\377\000A\000p\000l\000i\000c\000a\000c\000i\000\363\000n\000\040\000d\000e\000\040\000l\000a\000s\000\040\000s\000e\000r\000i\000e\000s\000\040\000d\000e\000\040\000t\000i\000e\000m\000p\000o}{section.2.3}% 96
\BOOKMARK [3][-]{subsubsection.2.3.7.1}{\376\377\000G\000r\000a\000d\000i\000e\000n\000t\000\040\000B\000o\000o\000s\000t\000i\000n\000g}{subsection.2.3.7}% 97
\BOOKMARK [3][-]{subsubsection.2.3.7.2}{\376\377\000X\000G\000B\000o\000o\000s\000t}{subsection.2.3.7}% 98
\BOOKMARK [3][-]{subsubsection.2.3.7.3}{\376\377\000R\000a\000n\000d\000o\000m\000\040\000F\000o\000r\000e\000s\000t}{subsection.2.3.7}% 99
\BOOKMARK [3][-]{subsubsection.2.3.7.4}{\376\377\000K\000-\000N\000e\000a\000r\000e\000s\000t\000\040\000N\000e\000i\000g\000h\000b\000o\000r\000s}{subsection.2.3.7}% 100
\BOOKMARK [3][-]{subsubsection.2.3.7.5}{\376\377\000H\000o\000l\000t\000-\000W\000i\000n\000t\000e\000r\000s}{subsection.2.3.7}% 101
\BOOKMARK [3][-]{subsubsection.2.3.7.6}{\376\377\000N\000a\000i\000v\000e}{subsection.2.3.7}% 102
\BOOKMARK [2][-]{subsection.2.3.8}{\376\377\000C\000o\000m\000p\000u\000t\000a\000c\000i\000\363\000n\000\040\000e\000n\000\040\000l\000a\000\040\000n\000u\000b\000e}{section.2.3}% 103
\BOOKMARK [2][-]{subsection.2.3.9}{\376\377\000S\000t\000r\000e\000a\000m\000l\000i\000t}{section.2.3}% 104
\BOOKMARK [2][-]{subsection.2.3.10}{\376\377\000G\000e\000s\000t\000i\000\363\000n\000\040\000d\000e\000\040\000i\000n\000v\000e\000n\000t\000a\000r\000i\000o\000s}{section.2.3}% 105
\BOOKMARK [3][-]{subsubsection.2.3.10.1}{\376\377\000A\000b\000a\000s\000t\000e\000c\000i\000m\000i\000e\000n\000t\000o}{subsection.2.3.10}% 106
\BOOKMARK [3][-]{subsubsection.2.3.10.2}{\376\377\000P\000r\000o\000d\000u\000c\000t\000o\000s\000\040\000p\000e\000r\000e\000c\000i\000b\000l\000e\000s}{subsection.2.3.10}% 107
\BOOKMARK [3][-]{subsubsection.2.3.10.3}{\376\377\000R\000o\000t\000a\000c\000i\000\363\000n\000\040\000d\000e\000\040\000i\000n\000v\000e\000n\000t\000a\000r\000i\000o\000s}{subsection.2.3.10}% 108
\BOOKMARK [1][-]{section.2.4}{\376\377\000M\000a\000r\000c\000o\000\040\000C\000o\000n\000c\000e\000p\000t\000u\000a\000l}{chapter.2}% 109
\BOOKMARK [2][-]{subsection.2.4.1}{\376\377\000P\000r\000e\000d\000i\000c\000c\000i\000\363\000n\000\040\000d\000e\000\040\000d\000e\000m\000a\000n\000d\000a}{section.2.4}% 110
\BOOKMARK [2][-]{subsection.2.4.2}{\376\377\000D\000e\000m\000a\000n\000d\000a\000\040\000e\000n\000\040\000e\000m\000p\000r\000e\000s\000a\000s\000\040\000r\000e\000t\000a\000i\000l}{section.2.4}% 111
\BOOKMARK [2][-]{subsection.2.4.3}{\376\377\000S\000e\000r\000i\000e\000s\000\040\000t\000e\000m\000p\000o\000r\000a\000l\000e\000s}{section.2.4}% 112
\BOOKMARK [2][-]{subsection.2.4.4}{\376\377\000T\000e\000n\000d\000e\000n\000c\000i\000a}{section.2.4}% 113
\BOOKMARK [2][-]{subsection.2.4.5}{\376\377\000V\000a\000r\000i\000a\000c\000i\000\363\000n\000\040\000a\000l\000e\000a\000t\000o\000r\000i\000a\000\040\000o\000\040\000r\000u\000i\000d\000o}{section.2.4}% 114
\BOOKMARK [2][-]{subsection.2.4.6}{\376\377\000M\000a\000c\000h\000i\000n\000e\000\040\000L\000e\000a\000r\000n\000i\000n\000g}{section.2.4}% 115
\BOOKMARK [2][-]{subsection.2.4.7}{\376\377\000A\000p\000r\000e\000n\000d\000i\000z\000a\000j\000e\000\040\000s\000u\000p\000e\000r\000v\000i\000s\000a\000d\000o}{section.2.4}% 116
\BOOKMARK [2][-]{subsection.2.4.8}{\376\377\000M\000o\000d\000e\000l\000o\000s\000\040\000d\000e\000\040\000r\000e\000g\000r\000e\000s\000i\000\363\000n}{section.2.4}% 117
\BOOKMARK [2][-]{subsection.2.4.9}{\376\377\000M\000o\000d\000e\000l\000o\000s\000\040\000d\000e\000\040\000s\000e\000r\000i\000e\000s\000\040\000t\000e\000m\000p\000o\000r\000a\000l\000e\000s}{section.2.4}% 118
\BOOKMARK [2][-]{subsection.2.4.10}{\376\377\000A\000l\000g\000o\000r\000i\000t\000m\000o\000s\000\040\000p\000r\000e\000d\000i\000c\000t\000i\000v\000o\000s}{section.2.4}% 119
\BOOKMARK [2][-]{subsection.2.4.11}{\376\377\000D\000a\000t\000o\000s\000\040\000h\000i\000s\000t\000\363\000r\000i\000c\000o\000s}{section.2.4}% 120
\BOOKMARK [2][-]{subsection.2.4.12}{\376\377\000P\000r\000e\000p\000r\000o\000c\000e\000s\000a\000m\000i\000e\000n\000t\000o\000\040\000d\000e\000\040\000d\000a\000t\000o\000s}{section.2.4}% 121
\BOOKMARK [2][-]{subsection.2.4.13}{\376\377\000E\000n\000t\000r\000e\000n\000a\000m\000i\000e\000n\000t\000o\000\040\000d\000e\000l\000\040\000m\000o\000d\000e\000l\000o}{section.2.4}% 122
\BOOKMARK [2][-]{subsection.2.4.14}{\376\377\000V\000a\000l\000i\000d\000a\000c\000i\000\363\000n\000\040\000d\000e\000l\000\040\000m\000o\000d\000e\000l\000o}{section.2.4}% 123
\BOOKMARK [2][-]{subsection.2.4.15}{\376\377\000M\000\351\000t\000r\000i\000c\000a\000s\000\040\000d\000e\000\040\000e\000v\000a\000l\000u\000a\000c\000i\000\363\000n}{section.2.4}% 124
\BOOKMARK [2][-]{subsection.2.4.16}{\376\377\000P\000r\000e\000c\000i\000s\000i\000\363\000n\000\040\000d\000e\000l\000\040\000m\000o\000d\000e\000l\000o}{section.2.4}% 125
\BOOKMARK [2][-]{subsection.2.4.17}{\376\377\000R\000e\000a\000b\000a\000s\000t\000e\000c\000i\000m\000i\000e\000n\000t\000o}{section.2.4}% 126
\BOOKMARK [2][-]{subsection.2.4.18}{\376\377\000I\000n\000v\000e\000n\000t\000a\000r\000i\000o}{section.2.4}% 127
\BOOKMARK [2][-]{subsection.2.4.19}{\376\377\000S\000o\000b\000r\000e\000s\000t\000o\000c\000k}{section.2.4}% 128
\BOOKMARK [2][-]{subsection.2.4.20}{\376\377\000O\000p\000t\000i\000m\000i\000z\000a\000c\000i\000\363\000n\000\040\000d\000e\000l\000\040\000r\000e\000a\000b\000a\000s\000t\000e\000c\000i\000m\000i\000e\000n\000t\000o}{section.2.4}% 129
\BOOKMARK [0][-]{chapter.3}{\376\377\000E\000N\000T\000O\000R\000N\000O\000\040\000E\000M\000P\000R\000E\000S\000A\000R\000I\000A\000L}{}% 130
\BOOKMARK [1][-]{section.3.1}{\376\377\000D\000e\000s\000c\000r\000i\000p\000c\000i\000\363\000n\000\040\000d\000e\000\040\000l\000a\000\040\000e\000m\000p\000r\000e\000s\000a}{chapter.3}% 131
\BOOKMARK [2][-]{subsection.3.1.1}{\376\377\000R\000e\000s\000e\000\361\000a\000\040\000h\000i\000s\000t\000\363\000r\000i\000c\000a\000\040\000y\000\040\000a\000c\000t\000i\000v\000i\000d\000a\000d\000\040\000e\000c\000o\000n\000\363\000m\000i\000c\000a}{section.3.1}% 132
\BOOKMARK [2][-]{subsection.3.1.2}{\376\377\000D\000e\000s\000c\000r\000i\000p\000c\000i\000\363\000n\000\040\000d\000e\000\040\000l\000a\000\040\000o\000r\000g\000a\000n\000i\000z\000a\000c\000i\000\363\000n}{section.3.1}% 133
\BOOKMARK [3][-]{subsubsection.3.1.2.1}{\376\377\000O\000r\000g\000a\000n\000i\000g\000r\000a\000m\000a}{subsection.3.1.2}% 134
\BOOKMARK [2][-]{subsection.3.1.3}{\376\377\000D\000a\000t\000o\000s\000\040\000g\000e\000n\000e\000r\000a\000l\000e\000s\000\040\000e\000s\000t\000r\000a\000t\000\351\000g\000i\000c\000o\000s\000\040\000d\000e\000\040\000l\000a\000\040\000e\000m\000p\000r\000e\000s\000a}{section.3.1}% 135
\BOOKMARK [3][-]{subsubsection.3.1.3.1}{\376\377\000V\000i\000s\000i\000\363\000n\000,\000\040\000m\000i\000s\000i\000\363\000n\000\040\000y\000\040\000v\000a\000l\000o\000r\000e\000s\000\040\000o\000\040\000p\000r\000i\000n\000c\000i\000p\000i\000o\000s}{subsection.3.1.3}% 136
\BOOKMARK [3][-]{subsubsection.3.1.3.2}{\376\377\000O\000b\000j\000e\000t\000i\000v\000o\000s\000\040\000e\000s\000t\000r\000a\000t\000\351\000g\000i\000c\000o\000s}{subsection.3.1.3}% 137
\BOOKMARK [3][-]{subsubsection.3.1.3.3}{\376\377\000E\000v\000a\000l\000u\000a\000c\000i\000\363\000n\000\040\000i\000n\000t\000e\000r\000n\000a\000\040\000y\000\040\000e\000x\000t\000e\000r\000n\000a\000.\000\040\000F\000O\000D\000A}{subsection.3.1.3}% 138
\BOOKMARK [2][-]{subsection.3.1.4}{\376\377\000M\000o\000d\000e\000l\000o\000\040\000d\000e\000\040\000n\000e\000g\000o\000c\000i\000o\000\040\000a\000c\000t\000u\000a\000l\000\040\000\050\000C\000A\000N\000V\000A\000S\000\051}{section.3.1}% 139
\BOOKMARK [0][-]{chapter.4}{\376\377\000M\000E\000T\000O\000D\000O\000L\000O\000G\000\315\000A\000\040\000D\000E\000\040\000L\000A\000\040\000I\000N\000V\000E\000S\000T\000I\000G\000A\000C\000I\000\323\000N}{}% 140
\BOOKMARK [1][-]{section.4.1}{\376\377\000D\000i\000s\000e\000\361\000o\000\040\000d\000e\000\040\000l\000a\000\040\000i\000n\000v\000e\000s\000t\000i\000g\000a\000c\000i\000\363\000n}{chapter.4}% 141
\BOOKMARK [2][-]{subsection.4.1.1}{\376\377\000E\000n\000f\000o\000q\000u\000e}{section.4.1}% 142
\BOOKMARK [2][-]{subsection.4.1.2}{\376\377\000A\000l\000c\000a\000n\000c\000e}{section.4.1}% 143
\BOOKMARK [2][-]{subsection.4.1.3}{\376\377\000T\000i\000p\000o}{section.4.1}% 144
\BOOKMARK [2][-]{subsection.4.1.4}{\376\377\000P\000o\000b\000l\000a\000c\000i\000\363\000n\000\040\000y\000\040\000m\000u\000e\000s\000t\000r\000a}{section.4.1}% 145
\BOOKMARK [2][-]{subsection.4.1.5}{\376\377\000U\000n\000i\000d\000a\000d\000\040\000d\000e\000\040\000a\000n\000\341\000l\000i\000s\000i\000s}{section.4.1}% 146
\BOOKMARK [1][-]{section.4.2}{\376\377\000T\000\351\000c\000n\000i\000c\000a\000s\000\040\000d\000e\000\040\000r\000e\000c\000o\000l\000e\000c\000c\000i\000\363\000n\000\040\000d\000e\000\040\000d\000a\000t\000o\000s}{chapter.4}% 147
\BOOKMARK [1][-]{section.4.3}{\376\377\000T\000\351\000c\000n\000i\000c\000a\000s\000\040\000p\000a\000r\000a\000\040\000e\000l\000\040\000p\000r\000o\000c\000e\000s\000a\000m\000i\000e\000n\000t\000o\000\040\000y\000\040\000a\000n\000\341\000l\000i\000s\000i\000s\000\040\000d\000e\000\040\000l\000a\000\040\000i\000n\000f\000o\000r\000m\000a\000c\000i\000\363\000n}{chapter.4}% 148
\BOOKMARK [2][-]{subsection.4.3.1}{\376\377\000M\000e\000t\000o\000d\000o\000l\000o\000g\000\355\000a\000\040\000d\000e\000\040\000l\000a\000\040\000i\000m\000p\000l\000e\000m\000e\000n\000t\000a\000c\000i\000\363\000n\000\040\000d\000e\000\040\000l\000a\000\040\000s\000o\000l\000u\000c\000i\000\363\000n}{section.4.3}% 149
\BOOKMARK [2][-]{subsection.4.3.2}{\376\377\000C\000o\000m\000p\000r\000e\000n\000s\000i\000\363\000n\000\040\000d\000e\000\040\000l\000o\000s\000\040\000d\000a\000t\000o\000s}{section.4.3}% 150
\BOOKMARK [2][-]{subsection.4.3.3}{\376\377\000P\000r\000e\000-\000P\000r\000o\000c\000e\000s\000a\000m\000i\000e\000n\000t\000o}{section.4.3}% 151
\BOOKMARK [2][-]{subsection.4.3.4}{\376\377\000M\000o\000d\000e\000l\000a\000m\000i\000e\000n\000t\000o}{section.4.3}% 152
\BOOKMARK [2][-]{subsection.4.3.5}{\376\377\000E\000v\000a\000l\000u\000a\000c\000i\000\363\000n}{section.4.3}% 153
\BOOKMARK [2][-]{subsection.4.3.6}{\376\377\000D\000e\000s\000p\000l\000i\000e\000g\000u\000e}{section.4.3}% 154
\BOOKMARK [1][-]{section.4.4}{\376\377\000M\000e\000t\000o\000d\000o\000l\000o\000g\000\355\000a\000\040\000p\000a\000r\000a\000\040\000l\000a\000\040\000m\000e\000d\000i\000c\000i\000\363\000n\000\040\000d\000e\000\040\000r\000e\000s\000u\000l\000t\000a\000d\000o\000s\000\040\000d\000e\000\040\000l\000a\000\040\000i\000m\000p\000l\000e\000m\000e\000n\000t\000a\000c\000i\000\363\000n}{chapter.4}% 155
\BOOKMARK [2][-]{subsection.4.4.1}{\376\377\000E\000r\000r\000o\000r\000\040\000A\000b\000s\000o\000l\000u\000t\000o\000\040\000M\000e\000d\000i\000o}{section.4.4}% 156
\BOOKMARK [2][-]{subsection.4.4.2}{\376\377\000E\000r\000r\000o\000r\000\040\000C\000u\000a\000d\000r\000\341\000t\000i\000c\000o\000\040\000M\000e\000d\000i\000o}{section.4.4}% 157
\BOOKMARK [2][-]{subsection.4.4.3}{\376\377\000R\000a\000\355\000z\000\040\000d\000e\000l\000\040\000E\000r\000r\000o\000r\000\040\000C\000u\000a\000d\000r\000\341\000t\000i\000c\000o\000\040\000M\000e\000d\000i\000o}{section.4.4}% 158
\BOOKMARK [2][-]{subsection.4.4.4}{\376\377\000E\000r\000r\000o\000r\000\040\000P\000o\000r\000c\000e\000n\000t\000u\000a\000l\000\040\000A\000b\000s\000o\000l\000u\000t\000o\000\040\000M\000e\000d\000i\000o}{section.4.4}% 159
\BOOKMARK [2][-]{subsection.4.4.5}{\376\377\000C\000o\000e\000f\000i\000c\000i\000e\000n\000t\000e\000\040\000d\000e\000\040\000d\000e\000t\000e\000r\000m\000i\000n\000a\000c\000i\000\363\000n}{section.4.4}% 160
\BOOKMARK [1][-]{section.4.5}{\376\377\000C\000r\000o\000n\000o\000g\000r\000a\000m\000a\000\040\000d\000e\000\040\000a\000c\000t\000i\000v\000i\000d\000a\000d\000e\000s\000\040\000y\000\040\000p\000r\000e\000s\000u\000p\000u\000e\000s\000t\000o}{chapter.4}% 161
\BOOKMARK [0][-]{chapter.5}{\376\377\000D\000E\000S\000A\000R\000R\000O\000L\000L\000O\000\040\000D\000E\000L\000\040\000E\000X\000P\000E\000R\000I\000M\000E\000N\000T\000O}{}% 162
\BOOKMARK [1][-]{section.5.1}{\376\377\000D\000e\000t\000e\000r\000m\000i\000n\000a\000c\000i\000\363\000n\000\040\000y\000\040\000e\000v\000a\000l\000u\000a\000c\000i\000\363\000n\000\040\000d\000e\000\040\000a\000l\000t\000e\000r\000n\000a\000t\000i\000v\000a\000s\000\040\000d\000e\000\040\000s\000o\000l\000u\000c\000i\000\363\000n}{chapter.5}% 163
\BOOKMARK [1][-]{section.5.2}{\376\377\000P\000r\000o\000p\000u\000e\000s\000t\000a\000\040\000s\000o\000l\000u\000c\000i\000\363\000n}{chapter.5}% 164
\BOOKMARK [1][-]{section.5.3}{\376\377\000P\000l\000a\000n\000e\000a\000m\000i\000e\000n\000t\000o\000\040\000y\000\040\000d\000e\000s\000c\000r\000i\000p\000c\000i\000\363\000n\000\040\000d\000e\000\040\000a\000c\000t\000i\000v\000i\000d\000a\000d\000e\000s}{chapter.5}% 165
\BOOKMARK [2][-]{subsection.5.3.1}{\376\377\000A\000d\000q\000u\000i\000r\000i\000r\000\040\000B\000a\000s\000e\000\040\000d\000e\000\040\000D\000a\000t\000o\000s}{section.5.3}% 166
\BOOKMARK [2][-]{subsection.5.3.2}{\376\377\000P\000r\000e\000p\000r\000o\000c\000e\000s\000a\000m\000i\000e\000n\000t\000o\000\040\000d\000e\000\040\000d\000a\000t\000o\000s}{section.5.3}% 167
\BOOKMARK [2][-]{subsection.5.3.3}{\376\377\000S\000e\000l\000e\000c\000c\000i\000\363\000n\000\040\000d\000e\000\040\000a\000l\000g\000o\000r\000i\000t\000m\000o\000s\000\040\000a\000\040\000u\000t\000i\000l\000i\000z\000a\000r}{section.5.3}% 168
\BOOKMARK [3][-]{subsubsection.5.3.3.1}{\376\377\000P\000r\000o\000c\000e\000s\000o\000\040\000d\000e\000\040\000E\000n\000t\000r\000e\000n\000a\000m\000i\000e\000n\000t\000o\000\040\000y\000\040\000E\000v\000a\000l\000u\000a\000c\000i\000\363\000n\000\040\000d\000e\000\040\000M\000o\000d\000e\000l\000o\000s}{subsection.5.3.3}% 169
\BOOKMARK [2][-]{subsection.5.3.4}{\376\377\000D\000e\000f\000i\000n\000i\000r\000\040\000p\000a\000r\000\341\000m\000e\000t\000r\000o\000s}{section.5.3}% 170
\BOOKMARK [1][-]{section.5.4}{\376\377\000D\000e\000s\000a\000r\000r\000o\000l\000l\000o\000\040\000d\000e\000\040\000a\000c\000t\000i\000v\000i\000d\000a\000d\000e\000s\000.\000\040\000A\000p\000l\000i\000c\000a\000c\000i\000\363\000n\000\040\000d\000e\000\040\000h\000e\000r\000r\000a\000m\000i\000e\000n\000t\000a\000s\000\040\000d\000e\000\040\000s\000o\000l\000u\000c\000i\000\363\000n}{chapter.5}% 171
\BOOKMARK [2][-]{subsection.5.4.1}{\376\377\000A\000d\000q\000u\000i\000s\000i\000c\000i\000o\000n\000\040\000d\000e\000\040\000d\000a\000t\000o\000s}{section.5.4}% 172
\BOOKMARK [2][-]{subsection.5.4.2}{\376\377\000P\000a\000r\000t\000i\000c\000i\000\363\000n\000\040\000d\000e\000\040\000d\000a\000t\000o\000s}{section.5.4}% 173
\BOOKMARK [2][-]{subsection.5.4.3}{\376\377\000P\000r\000e\000p\000r\000o\000c\000e\000s\000a\000m\000i\000e\000n\000t\000o\000\040\000d\000e\000\040\000d\000a\000t\000o\000s}{section.5.4}% 174
\BOOKMARK [2][-]{subsection.5.4.4}{\376\377\000S\000e\000l\000e\000c\000c\000i\000\363\000n\000\040\000d\000e\000\040\000C\000o\000l\000u\000m\000n\000a\000s\000\040\000r\000e\000l\000e\000v\000a\000n\000t\000e\000s}{section.5.4}% 175
\BOOKMARK [2][-]{subsection.5.4.5}{\376\377\000S\000e\000l\000e\000c\000c\000i\000o\000n\000a\000m\000o\000s\000\040\000l\000o\000s\000\040\000m\000o\000d\000e\000l\000o\000s\000\040\000a\000\040\000u\000t\000i\000l\000i\000z\000a\000r}{section.5.4}% 176
\BOOKMARK [2][-]{subsection.5.4.6}{\376\377\000E\000v\000a\000l\000u\000a\000c\000i\000\363\000n\000\040\000d\000e\000\040\000l\000o\000s\000\040\000m\000o\000d\000e\000l\000o\000s}{section.5.4}% 177
\BOOKMARK [2][-]{subsection.5.4.7}{\376\377\000S\000i\000m\000u\000l\000a\000c\000i\000\363\000n\000\040\000d\000e\000\040\000l\000a\000\040\000p\000r\000e\000d\000i\000c\000c\000i\000\363\000n}{section.5.4}% 178
\BOOKMARK [2][-]{subsection.5.4.8}{\376\377\000D\000e\000s\000p\000l\000i\000e\000g\000u\000e\000\040\000d\000e\000\040\000l\000a\000\040\000s\000o\000l\000u\000c\000i\000\363\000n}{section.5.4}% 179
\BOOKMARK [0][-]{chapter.6}{\376\377\000A\000N\000\301\000L\000I\000S\000I\000S\000\040\000D\000E\000\040\000R\000E\000S\000U\000L\000T\000A\000D\000O\000S}{}% 180
\BOOKMARK [1][-]{section.6.1}{\376\377\000R\000e\000s\000u\000l\000t\000a\000d\000o\000s}{chapter.6}% 181
\BOOKMARK [1][-]{section.6.2}{\376\377\000E\000x\000p\000e\000r\000i\000e\000n\000c\000i\000a\000\040\000d\000e\000l\000\040\000u\000s\000u\000a\000r\000i\000o\000\040\000y\000\040\000u\000s\000o\000\040\000o\000p\000e\000r\000a\000t\000i\000v\000o\000\040\000d\000e\000l\000\040\000s\000i\000s\000t\000e\000m\000a}{chapter.6}% 182
\BOOKMARK [0][-]{chapter.7}{\376\377\000C\000O\000N\000C\000L\000U\000S\000I\000O\000N\000E\000S}{}% 183
\BOOKMARK [0][-]{section*.60}{\376\377\000A\000n\000e\000x\000o\000s}{}% 184
\BOOKMARK [0][-]{appendix*.72}{\376\377\000B\000I\000B\000L\000I\000O\000G\000R\000A\000F\000\315\000A}{}% 185
