This is pdfTeX, Version 3.141592653-2.6-1.40.27 (MiKTeX 25.3) (preloaded format=pdflatex 2025.3.22)  15 APR 2026 16:28
entering extended mode
 restricted \write18 enabled.
 file:line:error style messages enabled.
 %&-line parsing enabled.
**"c:/Users/jpca0/OneDrive/Desktop/Tesis choclitos/tesis.tex"
(c:/Users/jpca0/OneDrive/Desktop/Tesis choclitos/tesis.tex
LaTeX2e <2024-11-01> patch level 2
L3 programming layer <2025-01-18>
(C:\Users\jpca0\AppData\Local\Programs\MiKTeX\tex/latex/base\report.cls
Document Class: report 2024/06/29 v1.4n Standard LaTeX document class
(C:\Users\jpca0\AppData\Local\Programs\MiKTeX\tex/latex/base\size12.clo
File: size12.clo 2024/06/29 v1.4n Standard LaTeX file (size option)
)
\c@part=\count196
\c@chapter=\count197
\c@section=\count198
\c@subsection=\count199
\c@subsubsection=\count266
\c@paragraph=\count267
\c@subparagraph=\count268
\c@figure=\count269
\c@table=\count270
\abovecaptionskip=\skip49
\belowcaptionskip=\skip50
\bibindent=\dimen141
) (C:\Users\jpca0\AppData\Local\Programs\MiKTeX\tex/latex/psnfss\mathptmx.sty
Package: mathptmx 2020/03/25 PSNFSS-v9.3 Times w/ Math, improved (SPQR, WaS) 
LaTeX Font Info:    Redeclaring symbol font `operators' on input line 28.
LaTeX Font Info:    Overwriting symbol font `operators' in version `normal'
(Font)                  OT1/cmr/m/n --> OT1/ztmcm/m/n on input line 28.
LaTeX Font Info:    Overwriting symbol font `operators' in version `bold'
(Font)                  OT1/cmr/bx/n --> OT1/ztmcm/m/n on input line 28.
LaTeX Font Info:    Redeclaring symbol font `letters' on input line 29.
LaTeX Font Info:    Overwriting symbol font `letters' in version `normal'
(Font)                  OML/cmm/m/it --> OML/ztmcm/m/it on input line 29.
LaTeX Font Info:    Overwriting symbol font `letters' in version `bold'
(Font)                  OML/cmm/b/it --> OML/ztmcm/m/it on input line 29.
LaTeX Font Info:    Redeclaring symbol font `symbols' on input line 30.
LaTeX Font Info:    Overwriting symbol font `symbols' in version `normal'
(Font)                  OMS/cmsy/m/n --> OMS/ztmcm/m/n on input line 30.
LaTeX Font Info:    Overwriting symbol font `symbols' in version `bold'
(Font)                  OMS/cmsy/b/n --> OMS/ztmcm/m/n on input line 30.
LaTeX Font Info:    Redeclaring symbol font `largesymbols' on input line 31.
LaTeX Font Info:    Overwriting symbol font `largesymbols' in version `normal'
(Font)                  OMX/cmex/m/n --> OMX/ztmcm/m/n on input line 31.
LaTeX Font Info:    Overwriting symbol font `largesymbols' in version `bold'
(Font)                  OMX/cmex/m/n --> OMX/ztmcm/m/n on input line 31.
\symbold=\mathgroup4
\symitalic=\mathgroup5
LaTeX Font Info:    Redeclaring math alphabet \mathbf on input line 34.
LaTeX Font Info:    Overwriting math alphabet `\mathbf' in version `normal'
(Font)                  OT1/cmr/bx/n --> OT1/ptm/bx/n on input line 34.
LaTeX Font Info:    Overwriting math alphabet `\mathbf' in version `bold'
(Font)                  OT1/cmr/bx/n --> OT1/ptm/bx/n on input line 34.
LaTeX Font Info:    Redeclaring math alphabet \mathit on input line 35.
LaTeX Font Info:    Overwriting math alphabet `\mathit' in version `normal'
(Font)                  OT1/cmr/m/it --> OT1/ptm/m/it on input line 35.
LaTeX Font Info:    Overwriting math alphabet `\mathit' in version `bold'
(Font)                  OT1/cmr/bx/it --> OT1/ptm/m/it on input line 35.
LaTeX Info: Redefining \hbar on input line 50.
) (C:\Users\jpca0\AppData\Local\Programs\MiKTeX\tex/latex/geometry\geometry.sty
Package: geometry 2020/01/02 v5.9 Page Geometry
 (C:\Users\jpca0\AppData\Local\Programs\MiKTeX\tex/latex/graphics\keyval.sty
Package: keyval 2022/05/29 v1.15 key=value parser (DPC)
\KV@toks@=\toks17
) (C:\Users\jpca0\AppData\Local\Programs\MiKTeX\tex/generic/iftex\ifvtex.sty
Package: ifvtex 2019/10/25 v1.7 ifvtex legacy package. Use iftex instead.
 (C:\Users\jpca0\AppData\Local\Programs\MiKTeX\tex/generic/iftex\iftex.sty
Package: iftex 2024/12/12 v1.0g TeX engine tests
))
\Gm@cnth=\count271
\Gm@cntv=\count272
\c@Gm@tempcnt=\count273
\Gm@bindingoffset=\dimen142
\Gm@wd@mp=\dimen143
\Gm@odd@mp=\dimen144
\Gm@even@mp=\dimen145
\Gm@layoutwidth=\dimen146
\Gm@layoutheight=\dimen147
\Gm@layouthoffset=\dimen148
\Gm@layoutvoffset=\dimen149
\Gm@dimlist=\toks18
 (C:\Users\jpca0\AppData\Local\Programs\MiKTeX\tex/latex/geometry\geometry.cfg)) (C:\Users\jpca0\AppData\Local\Programs\MiKTeX\tex/latex/tools\longtable.sty
Package: longtable 2024-10-27 v4.22 Multi-page Table package (DPC)
\LTleft=\skip51
\LTright=\skip52
\LTpre=\skip53
\LTpost=\skip54
\LTchunksize=\count274
\LTcapwidth=\dimen150
\LT@head=\box52
\LT@firsthead=\box53
\LT@foot=\box54
\LT@lastfoot=\box55
\LT@gbox=\box56
\LT@cols=\count275
\LT@rows=\count276
\c@LT@tables=\count277
\c@LT@chunks=\count278
\LT@p@ftn=\toks19
) (C:\Users\jpca0\AppData\Local\Programs\MiKTeX\tex/latex/tools\array.sty
Package: array 2024/10/17 v2.6g Tabular extension package (FMi)
\col@sep=\dimen151
\ar@mcellbox=\box57
\extrarowheight=\dimen152
\NC@list=\toks20
\extratabsurround=\skip55
\backup@length=\skip56
\ar@cellbox=\box58
) (C:\Users\jpca0\AppData\Local\Programs\MiKTeX\tex/latex/multirow\multirow.sty
Package: multirow 2024/11/12 v2.9 Span multiple rows of a table
\multirow@colwidth=\skip57
\multirow@cntb=\count279
\multirow@dima=\skip58
\bigstrutjot=\dimen153
) (C:\Users\jpca0\AppData\Local\Programs\MiKTeX\tex/latex/tools\multicol.sty
Package: multicol 2024/09/14 v1.9i multicolumn formatting (FMi)
\c@tracingmulticols=\count280
\mult@box=\box59
\multicol@leftmargin=\dimen154
\c@unbalance=\count281
\c@collectmore=\count282
\doublecol@number=\count283
\multicoltolerance=\count284
\multicolpretolerance=\count285
\full@width=\dimen155
\page@free=\dimen156
\premulticols=\dimen157
\postmulticols=\dimen158
\multicolsep=\skip59
\multicolbaselineskip=\skip60
\partial@page=\box60
\last@line=\box61
\mc@boxedresult=\box62
\maxbalancingoverflow=\dimen159
\mult@rightbox=\box63
\mult@grightbox=\box64
\mult@firstbox=\box65
\mult@gfirstbox=\box66
\@tempa=\box67
\@tempa=\box68
\@tempa=\box69
\@tempa=\box70
\@tempa=\box71
\@tempa=\box72
\@tempa=\box73
\@tempa=\box74
\@tempa=\box75
\@tempa=\box76
\@tempa=\box77
\@tempa=\box78
\@tempa=\box79
\@tempa=\box80
\@tempa=\box81
\@tempa=\box82
\@tempa=\box83
\@tempa=\box84
\@tempa=\box85
\@tempa=\box86
\@tempa=\box87
\@tempa=\box88
\@tempa=\box89
\@tempa=\box90
\@tempa=\box91
\@tempa=\box92
\@tempa=\box93
\@tempa=\box94
\@tempa=\box95
\@tempa=\box96
\@tempa=\box97
\@tempa=\box98
\@tempa=\box99
\@tempa=\box100
\@tempa=\box101
\@tempa=\box102
\c@minrows=\count286
\c@columnbadness=\count287
\c@finalcolumnbadness=\count288
\last@try=\dimen160
\multicolovershoot=\dimen161
\multicolundershoot=\dimen162
\mult@nat@firstbox=\box103
\colbreak@box=\box104
\mc@col@check@num=\count289
) (C:\Users\jpca0\AppData\Local\Programs\MiKTeX\tex/latex/ragged2e\ragged2e.sty
Package: ragged2e 2023/06/22 v3.6 ragged2e Package
\CenteringLeftskip=\skip61
\RaggedLeftLeftskip=\skip62
\RaggedRightLeftskip=\skip63
\CenteringRightskip=\skip64
\RaggedLeftRightskip=\skip65
\RaggedRightRightskip=\skip66
\CenteringParfillskip=\skip67
\RaggedLeftParfillskip=\skip68
\RaggedRightParfillskip=\skip69
\JustifyingParfillskip=\skip70
\CenteringParindent=\skip71
\RaggedLeftParindent=\skip72
\RaggedRightParindent=\skip73
\JustifyingParindent=\skip74
) (C:\Users\jpca0\AppData\Local\Programs\MiKTeX\tex/latex/makecell\makecell.sty
Package: makecell 2009/08/03 V0.1e Managing of Tab Column Heads and Cells
\rotheadsize=\dimen163
\c@nlinenum=\count290
\TeXr@lab=\toks21
) (C:\Users\jpca0\AppData\Local\Programs\MiKTeX\tex/latex/graphics\rotating.sty
Package: rotating 2016/08/11 v2.16d rotated objects in LaTeX
 (C:\Users\jpca0\AppData\Local\Programs\MiKTeX\tex/latex/graphics\graphicx.sty
Package: graphicx 2021/09/16 v1.2d Enhanced LaTeX Graphics (DPC,SPQR)
 (C:\Users\jpca0\AppData\Local\Programs\MiKTeX\tex/latex/graphics\graphics.sty
Package: graphics 2024/08/06 v1.4g Standard LaTeX Graphics (DPC,SPQR)
 (C:\Users\jpca0\AppData\Local\Programs\MiKTeX\tex/latex/graphics\trig.sty
Package: trig 2023/12/02 v1.11 sin cos tan (DPC)
) (C:\Users\jpca0\AppData\Local\Programs\MiKTeX\tex/latex/graphics-cfg\graphics.cfg
File: graphics.cfg 2016/06/04 v1.11 sample graphics configuration
)
Package graphics Info: Driver file: pdftex.def on input line 106.
 (C:\Users\jpca0\AppData\Local\Programs\MiKTeX\tex/latex/graphics-def\pdftex.def
File: pdftex.def 2024/04/13 v1.2c Graphics/color driver for pdftex
))
\Gin@req@height=\dimen164
\Gin@req@width=\dimen165
) (C:\Users\jpca0\AppData\Local\Programs\MiKTeX\tex/latex/base\ifthen.sty
Package: ifthen 2024/03/16 v1.1e Standard LaTeX ifthen package (DPC)
)
\c@r@tfl@t=\count291
\rotFPtop=\skip75
\rotFPbot=\skip76
\rot@float@box=\box105
\rot@mess@toks=\toks22
) (C:\Users\jpca0\AppData\Local\Programs\MiKTeX\tex/latex/siunitx\siunitx.sty
Package: siunitx 2025-02-27 v3.4.6 A comprehensive (SI) units package
\l__siunitx_number_uncert_offset_int=\count292
\l__siunitx_number_exponent_fixed_int=\count293
\l__siunitx_number_min_decimal_int=\count294
\l__siunitx_number_min_integer_int=\count295
\l__siunitx_number_round_precision_int=\count296
\l__siunitx_number_lower_threshold_int=\count297
\l__siunitx_number_upper_threshold_int=\count298
\l__siunitx_number_group_first_int=\count299
\l__siunitx_number_group_size_int=\count300
\l__siunitx_number_group_minimum_int=\count301
\l__siunitx_angle_tmp_dim=\dimen166
\l__siunitx_angle_marker_box=\box106
\l__siunitx_angle_unit_box=\box107
\l__siunitx_compound_count_int=\count302
 (C:\Users\jpca0\AppData\Local\Programs\MiKTeX\tex/latex/translations\translations.sty
Package: translations 2022/02/05 v1.12 internationalization of LaTeX2e packages (CN)
 (C:\Users\jpca0\AppData\Local\Programs\MiKTeX\tex/latex/etoolbox\etoolbox.sty
Package: etoolbox 2025/02/11 v2.5l e-TeX tools for LaTeX (JAW)
\etb@tempcnta=\count303
) (C:\Users\jpca0\AppData\Local\Programs\MiKTeX\tex/generic/pdftexcmds\pdftexcmds.sty
Package: pdftexcmds 2020-06-27 v0.33 Utility functions of pdfTeX for LuaTeX (HO)
 (C:\Users\jpca0\AppData\Local\Programs\MiKTeX\tex/generic/infwarerr\infwarerr.sty
Package: infwarerr 2019/12/03 v1.5 Providing info/warning/error messages (HO)
) (C:\Users\jpca0\AppData\Local\Programs\MiKTeX\tex/generic/ltxcmds\ltxcmds.sty
Package: ltxcmds 2023-12-04 v1.26 LaTeX kernel commands for general use (HO)
)
Package pdftexcmds Info: \pdf@primitive is available.
Package pdftexcmds Info: \pdf@ifprimitive is available.
Package pdftexcmds Info: \pdfdraftmode found.
)) (C:\Users\jpca0\AppData\Local\Programs\MiKTeX\tex/latex/amsmath\amstext.sty
Package: amstext 2021/08/26 v2.01 AMS text
 (C:\Users\jpca0\AppData\Local\Programs\MiKTeX\tex/latex/amsmath\amsgen.sty
File: amsgen.sty 1999/11/30 v2.0 generic functions
\@emptytoks=\toks23
\ex@=\dimen167
))
\l__siunitx_table_tmp_box=\box108
\l__siunitx_table_tmp_dim=\dimen168
\l__siunitx_table_column_width_dim=\dimen169
\l__siunitx_table_integer_box=\box109
\l__siunitx_table_decimal_box=\box110
\l__siunitx_table_uncert_box=\box111
\l__siunitx_table_before_box=\box112
\l__siunitx_table_after_box=\box113
\l__siunitx_table_before_dim=\dimen170
\l__siunitx_table_carry_dim=\dimen171
\l__siunitx_unit_tmp_int=\count304
\l__siunitx_unit_position_int=\count305
\l__siunitx_unit_total_int=\count306
) (C:\Users\jpca0\AppData\Local\Programs\MiKTeX\tex/latex/xcolor\xcolor.sty
Package: xcolor 2024/09/29 v3.02 LaTeX color extensions (UK)
 (C:\Users\jpca0\AppData\Local\Programs\MiKTeX\tex/latex/graphics-cfg\color.cfg
File: color.cfg 2016/01/02 v1.6 sample color configuration
)
Package xcolor Info: Driver file: pdftex.def on input line 274.
 (C:\Users\jpca0\AppData\Local\Programs\MiKTeX\tex/latex/graphics\mathcolor.ltx)
Package xcolor Info: Model `cmy' substituted by `cmy0' on input line 1349.
Package xcolor Info: Model `hsb' substituted by `rgb' on input line 1353.
Package xcolor Info: Model `RGB' extended on input line 1365.
Package xcolor Info: Model `HTML' substituted by `rgb' on input line 1367.
Package xcolor Info: Model `Hsb' substituted by `hsb' on input line 1368.
Package xcolor Info: Model `tHsb' substituted by `hsb' on input line 1369.
Package xcolor Info: Model `HSB' substituted by `hsb' on input line 1370.
Package xcolor Info: Model `Gray' substituted by `gray' on input line 1371.
Package xcolor Info: Model `wave' substituted by `hsb' on input line 1372.
) (C:\Users\jpca0\AppData\Local\Programs\MiKTeX\tex/latex/colortbl\colortbl.sty
Package: colortbl 2024/07/06 v1.0i Color table columns (DPC)
\everycr=\toks24
\minrowclearance=\skip77
\rownum=\count307
) (C:\Users\jpca0\AppData\Local\Programs\MiKTeX\tex/latex/tools\tabularx.sty
Package: tabularx 2023/12/11 v2.12a `tabularx' package (DPC)
\TX@col@width=\dimen172
\TX@old@table=\dimen173
\TX@old@col=\dimen174
\TX@target=\dimen175
\TX@delta=\dimen176
\TX@cols=\count308
\TX@ftn=\toks25
) (C:\Users\jpca0\AppData\Local\Programs\MiKTeX\tex/latex/base\inputenc.sty
Package: inputenc 2024/02/08 v1.3d Input encoding file
\inpenc@prehook=\toks26
\inpenc@posthook=\toks27
) (C:\Users\jpca0\AppData\Local\Programs\MiKTeX\tex/latex/csquotes\csquotes.sty
Package: csquotes 2024-04-04 v5.2o context-sensitive quotations (JAW)
\csq@reset=\count309
\csq@gtype=\count310
\csq@glevel=\count311
\csq@qlevel=\count312
\csq@maxlvl=\count313
\csq@tshold=\count314
\csq@ltx@everypar=\toks28
 (C:\Users\jpca0\AppData\Local\Programs\MiKTeX\tex/latex/csquotes\csquotes.def
File: csquotes.def 2024-04-04 v5.2o csquotes generic definitions (JAW)
)
Package csquotes Info: Trying to load configuration file 'csquotes.cfg'...
Package csquotes Info: ... configuration file loaded successfully.
 (C:\Users\jpca0\AppData\Local\Programs\MiKTeX\tex/latex/csquotes\csquotes.cfg
File: csquotes.cfg 
)) (C:\Users\jpca0\AppData\Local\Programs\MiKTeX\tex/generic/babel\babel.sty
Package: babel 2025/02/14 v25.4 The multilingual framework for pdfLaTeX, LuaLaTeX and XeLaTeX
\babel@savecnt=\count315
\U@D=\dimen177
\l@unhyphenated=\language79
 (C:\Users\jpca0\AppData\Local\Programs\MiKTeX\tex/generic/babel\txtbabel.def)
\bbl@readstream=\read2
\bbl@dirlevel=\count316

*************************************
* Local config file bblopts.cfg used
*
(C:\Users\jpca0\AppData\Local\Programs\MiKTeX\tex/latex/arabi\bblopts.cfg
File: bblopts.cfg 2005/09/08 v0.1 add Arabic and Farsi to "declared" options of babel
) (C:\Users\jpca0\AppData\Local\Programs\MiKTeX\tex/latex/babel-spanish\spanish.ldf
Language: spanish.ldf 2021/05/27 v5.0q Spanish support from the babel system
\es@quottoks=\toks29
\es@quotdepth=\count317
Package babel Info: Making " an active character on input line 570.
Package babel Info: Making . an active character on input line 675.
Package babel Info: Making < an active character on input line 722.
Package babel Info: Making > an active character on input line 722.
)) (C:\Users\jpca0\AppData\Local\Programs\MiKTeX\tex/generic/babel/locale/es\babel-spanish.tex
Package babel Info: Importing font and identification data for spanish
(babel)             from babel-es.ini. Reported on input line 11.
) (C:\Users\jpca0\AppData\Local\Programs\MiKTeX\tex/latex/biblatex\biblatex.sty
Package: biblatex 2024/03/21 v3.20 programmable bibliographies (PK/MW)
 (C:\Users\jpca0\AppData\Local\Programs\MiKTeX\tex/latex/kvoptions\kvoptions.sty
Package: kvoptions 2022-06-15 v3.15 Key value format for package options (HO)
 (C:\Users\jpca0\AppData\Local\Programs\MiKTeX\tex/latex/kvsetkeys\kvsetkeys.sty
Package: kvsetkeys 2022-10-05 v1.19 Key value parser (HO)
)) (C:\Users\jpca0\AppData\Local\Programs\MiKTeX\tex/latex/logreq\logreq.sty
Package: logreq 2010/08/04 v1.0 xml request logger
\lrq@indent=\count318
 (C:\Users\jpca0\AppData\Local\Programs\MiKTeX\tex/latex/logreq\logreq.def
File: logreq.def 2010/08/04 v1.0 logreq spec v1.0
)) (C:\Users\jpca0\AppData\Local\Programs\MiKTeX\tex/latex/url\url.sty
\Urlmuskip=\muskip17
Package: url 2013/09/16  ver 3.4  Verb mode for urls, etc.
)
\c@tabx@nest=\count319
\c@listtotal=\count320
\c@listcount=\count321
\c@liststart=\count322
\c@liststop=\count323
\c@citecount=\count324
\c@citetotal=\count325
\c@multicitecount=\count326
\c@multicitetotal=\count327
\c@instcount=\count328
\c@maxnames=\count329
\c@minnames=\count330
\c@maxitems=\count331
\c@minitems=\count332
\c@citecounter=\count333
\c@maxcitecounter=\count334
\c@savedcitecounter=\count335
\c@uniquelist=\count336
\c@uniquename=\count337
\c@refsection=\count338
\c@refsegment=\count339
\c@maxextratitle=\count340
\c@maxextratitleyear=\count341
\c@maxextraname=\count342
\c@maxextradate=\count343
\c@maxextraalpha=\count344
\c@abbrvpenalty=\count345
\c@highnamepenalty=\count346
\c@lownamepenalty=\count347
\c@maxparens=\count348
\c@parenlevel=\count349
\blx@tempcnta=\count350
\blx@tempcntb=\count351
\blx@tempcntc=\count352
\c@blx@maxsection=\count353
\blx@maxsegment@0=\count354
\blx@notetype=\count355
\blx@parenlevel@text=\count356
\blx@parenlevel@foot=\count357
\blx@sectionciteorder@0=\count358
\blx@sectionciteorderinternal@0=\count359
\blx@entrysetcounter=\count360
\blx@biblioinstance=\count361
\labelnumberwidth=\skip78
\labelalphawidth=\skip79
\biblabelsep=\skip80
\bibitemsep=\skip81
\bibnamesep=\skip82
\bibinitsep=\skip83
\bibparsep=\skip84
\bibhang=\skip85
\blx@bcfin=\read3
\blx@bcfout=\write3
\blx@langwohyphens=\language80
\c@mincomprange=\count362
\c@maxcomprange=\count363
\c@mincompwidth=\count364
Package biblatex Info: Trying to load biblatex default data model...
Package biblatex Info: ... file 'blx-dm.def' found.
 (C:\Users\jpca0\AppData\Local\Programs\MiKTeX\tex/latex/biblatex\blx-dm.def
File: blx-dm.def 2024/03/21 v3.20 biblatex datamodel (PK/MW)
)
Package biblatex Info: Trying to load biblatex style data model...
Package biblatex Info: ... file 'apa.dbx' found.
 (C:\Users\jpca0\AppData\Local\Programs\MiKTeX\tex/latex/biblatex-apa\apa.dbx
File: apa.dbx 2023/03/20 v9.17 APA biblatex style data model
)
Package biblatex Info: Trying to load biblatex custom data model...
Package biblatex Info: ... file 'biblatex-dm.cfg' not found.
\c@afterword=\count365
\c@savedafterword=\count366
\c@annotator=\count367
\c@savedannotator=\count368
\c@author=\count369
\c@savedauthor=\count370
\c@bookauthor=\count371
\c@savedbookauthor=\count372
\c@commentator=\count373
\c@savedcommentator=\count374
\c@editor=\count375
\c@savededitor=\count376
\c@editora=\count377
\c@savededitora=\count378
\c@editorb=\count379
\c@savededitorb=\count380
\c@editorc=\count381
\c@savededitorc=\count382
\c@foreword=\count383
\c@savedforeword=\count384
\c@holder=\count385
\c@savedholder=\count386
\c@introduction=\count387
\c@savedintroduction=\count388
\c@namea=\count389
\c@savednamea=\count390
\c@nameb=\count391
\c@savednameb=\count392
\c@namec=\count393
\c@savednamec=\count394
\c@translator=\count395
\c@savedtranslator=\count396
\c@shortauthor=\count397
\c@savedshortauthor=\count398
\c@shorteditor=\count399
\c@savedshorteditor=\count400
\c@narrator=\count401
\c@savednarrator=\count402
\c@execproducer=\count403
\c@savedexecproducer=\count404
\c@execdirector=\count405
\c@savedexecdirector=\count406
\c@with=\count407
\c@savedwith=\count408
\c@labelname=\count409
\c@savedlabelname=\count410
\c@institution=\count411
\c@savedinstitution=\count412
\c@lista=\count413
\c@savedlista=\count414
\c@listb=\count415
\c@savedlistb=\count416
\c@listc=\count417
\c@savedlistc=\count418
\c@listd=\count419
\c@savedlistd=\count420
\c@liste=\count421
\c@savedliste=\count422
\c@listf=\count423
\c@savedlistf=\count424
\c@location=\count425
\c@savedlocation=\count426
\c@organization=\count427
\c@savedorganization=\count428
\c@origlocation=\count429
\c@savedoriglocation=\count430
\c@origpublisher=\count431
\c@savedorigpublisher=\count432
\c@publisher=\count433
\c@savedpublisher=\count434
\c@language=\count435
\c@savedlanguage=\count436
\c@origlanguage=\count437
\c@savedoriglanguage=\count438
\c@citation=\count439
\c@savedcitation=\count440
\c@pageref=\count441
\c@savedpageref=\count442
\shorthandwidth=\skip86
\shortjournalwidth=\skip87
\shortserieswidth=\skip88
\shorttitlewidth=\skip89
\shortauthorwidth=\skip90
\shorteditorwidth=\skip91
\locallabelnumberwidth=\skip92
\locallabelalphawidth=\skip93
\localshorthandwidth=\skip94
\localshortjournalwidth=\skip95
\localshortserieswidth=\skip96
\localshorttitlewidth=\skip97
\localshortauthorwidth=\skip98
\localshorteditorwidth=\skip99
Package biblatex Info: Trying to load compatibility code...
Package biblatex Info: ... file 'blx-compat.def' found.
 (C:\Users\jpca0\AppData\Local\Programs\MiKTeX\tex/latex/biblatex\blx-compat.def
File: blx-compat.def 2024/03/21 v3.20 biblatex compatibility (PK/MW)
)
Package biblatex Info: Trying to load generic definitions...
Package biblatex Info: ... file 'biblatex.def' found.
 (C:\Users\jpca0\AppData\Local\Programs\MiKTeX\tex/latex/biblatex\biblatex.def
File: biblatex.def 2024/03/21 v3.20 biblatex compatibility (PK/MW)
\c@textcitecount=\count443
\c@textcitetotal=\count444
\c@textcitemaxnames=\count445
\c@biburlbigbreakpenalty=\count446
\c@biburlbreakpenalty=\count447
\c@biburlnumpenalty=\count448
\c@biburlucpenalty=\count449
\c@biburllcpenalty=\count450
\biburlbigskip=\muskip18
\biburlnumskip=\muskip19
\biburlucskip=\muskip20
\biburllcskip=\muskip21
\c@smartand=\count451
)
Package biblatex Info: Trying to load natbib compatibility...
Package biblatex Info: ... file 'blx-natbib.def' found.
 (C:\Users\jpca0\AppData\Local\Programs\MiKTeX\tex/latex/biblatex\blx-natbib.def
File: blx-natbib.def 2024/03/21 v3.20 biblatex compatibility (PK/MW)
Package biblatex Info: Delimiter 'nameyeardelim' in context '' already defined, overwriting.
)
Package biblatex Info: Trying to load bibliography style 'apa'...
Package biblatex Info: ... file 'apa.bbx' found.
 (C:\Users\jpca0\AppData\Local\Programs\MiKTeX\tex/latex/biblatex-apa\apa.bbx
File: apa.bbx 2023/03/20 v9.17 APA biblatex references style
Package biblatex Info: Trying to load bibliography style 'standard'...
Package biblatex Info: ... file 'standard.bbx' found.
 (C:\Users\jpca0\AppData\Local\Programs\MiKTeX\tex/latex/biblatex/bbx\standard.bbx
File: standard.bbx 2024/03/21 v3.20 biblatex bibliography style (PK/MW)
\c@bbx:relatedcount=\count452
\c@bbx:relatedtotal=\count453
)
Package biblatex Info: Delimiter 'nameyeardelim' in context 'bib' already defined, overwriting.
Package biblatex Info: Delimiter 'nameyeardelim' in context 'biblist' already defined, overwriting.
Package biblatex Info: Delimiter 'nonameyeardelim' in context 'bib' already defined, overwriting.
Package biblatex Info: Delimiter 'nonameyeardelim' in context 'biblist' already defined, overwriting.
)
Package biblatex Info: Trying to load citation style 'apa'...
Package biblatex Info: ... file 'apa.cbx' found.
 (C:\Users\jpca0\AppData\Local\Programs\MiKTeX\tex/latex/biblatex-apa\apa.cbx
File: apa.cbx 2023/03/20 v9.17 APA biblatex citation style
Package biblatex Info: Delimiter 'nameyeardelim' in context '' already defined, overwriting.
Package biblatex Info: Delimiter 'andothersdelim' in context '' already defined, overwriting.
Package biblatex Info: Redefining '\fullcite'.
Package biblatex Info: Redefining '\citeauthor'.
Package biblatex Info: Redefining '\citeyear'.
Package biblatex Info: Redefining '\cite'.
Package biblatex Info: Redefining '\cites'.
Package biblatex Info: Redefining '\parencite'.
Package biblatex Info: Redefining '\parencites'.
Package biblatex Info: Redefining '\footcite'.
Package biblatex Info: Redefining '\footcites'.
Package biblatex Info: Redefining '\footcitetext'.
Package biblatex Info: Redefining '\footcitetexts'.
Package biblatex Info: Redefining '\smartcite'.
Package biblatex Info: Redefining '\smartcites'.
Package biblatex Info: Redefining '\textcite'.
Package biblatex Info: Redefining '\textcites'.
)
Package biblatex Info: Trying to load configuration file...
Package biblatex Info: ... file 'biblatex.cfg' found.
 (C:\Users\jpca0\AppData\Local\Programs\MiKTeX\tex/latex/biblatex\biblatex.cfg
File: biblatex.cfg 
)
Package biblatex Info: Input encoding 'utf8' detected.
Package biblatex Info: Document encoding is UTF8 ....
 (C:\Users\jpca0\AppData\Local\Programs\MiKTeX\tex/latex/l3kernel\expl3.sty
Package: expl3 2025-01-18 L3 programming layer (loader) 
 (C:\Users\jpca0\AppData\Local\Programs\MiKTeX\tex/latex/l3backend\l3backend-pdftex.def
File: l3backend-pdftex.def 2024-05-08 L3 backend support: PDF output (pdfTeX)
\l__color_backend_stack_int=\count454
\l__pdf_internal_box=\box114
))
Package biblatex Info: ... and expl3
(biblatex)             2025-01-18 L3 programming layer (loader) 
(biblatex)             is new enough (at least 2020/04/06),
(biblatex)             setting 'casechanger=expl3'.
 (C:\Users\jpca0\AppData\Local\Programs\MiKTeX\tex/latex/biblatex\blx-case-expl3.sty (C:\Users\jpca0\AppData\Local\Programs\MiKTeX\tex/latex/l3packages/xparse\xparse.sty
Package: xparse 2024-08-16 L3 Experimental document command parser
)
Package: blx-case-expl3 2024/03/21 v3.20 expl3 case changing code for biblatex
)) (C:\Users\jpca0\AppData\Local\Programs\MiKTeX\tex/latex/hyperref\hyperref.sty
Package: hyperref 2024-11-05 v7.01l Hypertext links for LaTeX
 (C:\Users\jpca0\AppData\Local\Programs\MiKTeX\tex/generic/kvdefinekeys\kvdefinekeys.sty
Package: kvdefinekeys 2019-12-19 v1.6 Define keys (HO)
) (C:\Users\jpca0\AppData\Local\Programs\MiKTeX\tex/generic/pdfescape\pdfescape.sty
Package: pdfescape 2019/12/09 v1.15 Implements pdfTeX's escape features (HO)
) (C:\Users\jpca0\AppData\Local\Programs\MiKTeX\tex/latex/hycolor\hycolor.sty
Package: hycolor 2020-01-27 v1.10 Color options for hyperref/bookmark (HO)
) (C:\Users\jpca0\AppData\Local\Programs\MiKTeX\tex/latex/hyperref\nameref.sty
Package: nameref 2023-11-26 v2.56 Cross-referencing by name of section
 (C:\Users\jpca0\AppData\Local\Programs\MiKTeX\tex/latex/refcount\refcount.sty
Package: refcount 2019/12/15 v3.6 Data extraction from label references (HO)
) (C:\Users\jpca0\AppData\Local\Programs\MiKTeX\tex/generic/gettitlestring\gettitlestring.sty
Package: gettitlestring 2019/12/15 v1.6 Cleanup title references (HO)
)
\c@section@level=\count455
) (C:\Users\jpca0\AppData\Local\Programs\MiKTeX\tex/generic/stringenc\stringenc.sty
Package: stringenc 2019/11/29 v1.12 Convert strings between diff. encodings (HO)
)
\@linkdim=\dimen178
\Hy@linkcounter=\count456
\Hy@pagecounter=\count457
 (C:\Users\jpca0\AppData\Local\Programs\MiKTeX\tex/latex/hyperref\pd1enc.def
File: pd1enc.def 2024-11-05 v7.01l Hyperref: PDFDocEncoding definition (HO)
Now handling font encoding PD1 ...
... no UTF-8 mapping file for font encoding PD1
) (C:\Users\jpca0\AppData\Local\Programs\MiKTeX\tex/generic/intcalc\intcalc.sty
Package: intcalc 2019/12/15 v1.3 Expandable calculations with integers (HO)
)
\Hy@SavedSpaceFactor=\count458
 (C:\Users\jpca0\AppData\Local\Programs\MiKTeX\tex/latex/hyperref\puenc.def
File: puenc.def 2024-11-05 v7.01l Hyperref: PDF Unicode definition (HO)
Now handling font encoding PU ...
... no UTF-8 mapping file for font encoding PU
)
Package hyperref Info: Option `colorlinks' set `true' on input line 4040.
Package hyperref Info: Option `bookmarks' set `true' on input line 4040.
Package hyperref Info: Hyper figures OFF on input line 4157.
Package hyperref Info: Link nesting OFF on input line 4162.
Package hyperref Info: Hyper index ON on input line 4165.
Package hyperref Info: Plain pages OFF on input line 4172.
Package hyperref Info: Backreferencing OFF on input line 4177.
Package hyperref Info: Implicit mode ON; LaTeX internals redefined.
Package hyperref Info: Bookmarks ON on input line 4424.
\c@Hy@tempcnt=\count459
LaTeX Info: Redefining \url on input line 4763.
\XeTeXLinkMargin=\dimen179
 (C:\Users\jpca0\AppData\Local\Programs\MiKTeX\tex/generic/bitset\bitset.sty
Package: bitset 2019/12/09 v1.3 Handle bit-vector datatype (HO)
 (C:\Users\jpca0\AppData\Local\Programs\MiKTeX\tex/generic/bigintcalc\bigintcalc.sty
Package: bigintcalc 2019/12/15 v1.5 Expandable calculations on big integers (HO)
))
\Fld@menulength=\count460
\Field@Width=\dimen180
\Fld@charsize=\dimen181
Package hyperref Info: Hyper figures OFF on input line 6042.
Package hyperref Info: Link nesting OFF on input line 6047.
Package hyperref Info: Hyper index ON on input line 6050.
Package hyperref Info: backreferencing OFF on input line 6057.
Package hyperref Info: Link coloring ON on input line 6060.
Package hyperref Info: Link coloring with OCG OFF on input line 6067.
Package hyperref Info: PDF/A mode OFF on input line 6072.
 (C:\Users\jpca0\AppData\Local\Programs\MiKTeX\tex/latex/base\atbegshi-ltx.sty
Package: atbegshi-ltx 2021/01/10 v1.0c Emulation of the original atbegshi
package with kernel methods
)
\Hy@abspage=\count461
\c@Item=\count462
\c@Hfootnote=\count463
)
Package hyperref Info: Driver (autodetected): hpdftex.
 (C:\Users\jpca0\AppData\Local\Programs\MiKTeX\tex/latex/hyperref\hpdftex.def
File: hpdftex.def 2024-11-05 v7.01l Hyperref driver for pdfTeX
 (C:\Users\jpca0\AppData\Local\Programs\MiKTeX\tex/latex/base\atveryend-ltx.sty
Package: atveryend-ltx 2020/08/19 v1.0a Emulation of the original atveryend package
with kernel methods
)
\Fld@listcount=\count464
\c@bookmark@seq@number=\count465
 (C:\Users\jpca0\AppData\Local\Programs\MiKTeX\tex/latex/rerunfilecheck\rerunfilecheck.sty
Package: rerunfilecheck 2022-07-10 v1.10 Rerun checks for auxiliary files (HO)
 (C:\Users\jpca0\AppData\Local\Programs\MiKTeX\tex/generic/uniquecounter\uniquecounter.sty
Package: uniquecounter 2019/12/15 v1.4 Provide unlimited unique counter (HO)
)
Package uniquecounter Info: New unique counter `rerunfilecheck' on input line 285.
)
\Hy@SectionHShift=\skip100
) (C:\Users\jpca0\AppData\Local\Programs\MiKTeX\tex/latex/amsfonts\amssymb.sty
Package: amssymb 2013/01/14 v3.01 AMS font symbols
 (C:\Users\jpca0\AppData\Local\Programs\MiKTeX\tex/latex/amsfonts\amsfonts.sty
Package: amsfonts 2013/01/14 v3.01 Basic AMSFonts support
\symAMSa=\mathgroup6
\symAMSb=\mathgroup7
LaTeX Font Info:    Overwriting math alphabet `\mathfrak' in version `bold'
(Font)                  U/euf/m/n --> U/euf/b/n on input line 106.
)) (C:\Users\jpca0\AppData\Local\Programs\MiKTeX\tex/latex/caption\caption.sty
Package: caption 2023/08/05 v3.6o Customizing captions (AR)
 (C:\Users\jpca0\AppData\Local\Programs\MiKTeX\tex/latex/caption\caption3.sty
Package: caption3 2023/07/31 v2.4d caption3 kernel (AR)
\caption@tempdima=\dimen182
\captionmargin=\dimen183
\caption@leftmargin=\dimen184
\caption@rightmargin=\dimen185
\caption@width=\dimen186
\caption@indent=\dimen187
\caption@parindent=\dimen188
\caption@hangindent=\dimen189
Package caption Info: Standard document class detected.
)
\c@caption@flags=\count466
\c@continuedfloat=\count467
Package caption Info: hyperref package is loaded.
Package caption Info: longtable package is loaded.
 (C:\Users\jpca0\AppData\Local\Programs\MiKTeX\tex/latex/caption\ltcaption.sty
Package: ltcaption 2021/01/08 v1.4c longtable captions (AR)
)
Package caption Info: rotating package is loaded.
) (C:\Users\jpca0\AppData\Local\Programs\MiKTeX\tex/latex/amsfonts\eucal.sty
Package: eucal 2009/06/22 v3.00 Euler Script fonts
LaTeX Font Info:    Overwriting math alphabet `\EuScript' in version `bold'
(Font)                  U/eus/m/n --> U/eus/b/n on input line 33.
) (C:\Users\jpca0\AppData\Local\Programs\MiKTeX\tex/latex/footmisc\footmisc.sty
Package: footmisc 2024/12/24 v6.0g a miscellany of footnote facilities
\FN@temptoken=\toks30
\footnotemargin=\dimen190
\@outputbox@depth=\dimen191
 (C:\Users\jpca0\AppData\Local\Programs\MiKTeX\tex/latex/bigfoot\perpage.sty
Package: perpage 2014/10/25 2.0 Reset/sort counters per page
\c@abspage=\count468
)
\c@pp@a@footnote=\count469
Package footmisc Info: Declaring symbol style bringhurst on input line 699.
Package footmisc Info: Declaring symbol style chicago on input line 707.
Package footmisc Info: Declaring symbol style wiley on input line 716.
Package footmisc Info: Declaring symbol style lamport-robust on input line 727.
Package footmisc Info: Declaring symbol style lamport* on input line 747.
Package footmisc Info: Declaring symbol style lamport*-robust on input line 768.
) (C:\Users\jpca0\AppData\Local\Programs\MiKTeX\tex/latex/tocbibind\tocbibind.sty
Package: tocbibind 2010/10/13 v1.5k extra ToC listings
Package tocbibind Info: The document has chapter divisions on input line 50.


Package tocbibind Note: Using chapter style headings, unless overridden.

) (C:\Users\jpca0\AppData\Local\Programs\MiKTeX\tex/latex/appendix\appendix.sty
Package: appendix 2020/02/08 v1.2c extra appendix facilities
\c@@pps=\count470
\c@@ppsavesec=\count471
\c@@ppsaveapp=\count472
) (C:\Users\jpca0\AppData\Local\Programs\MiKTeX\tex/latex/float\float.sty
Package: float 2001/11/08 v1.3d Float enhancements (AL)
\c@float@type=\count473
\float@exts=\toks31
\float@box=\box115
\@float@everytoks=\toks32
\@floatcapt=\box116
) (C:\Users\jpca0\AppData\Local\Programs\MiKTeX\tex/latex/fancyhdr\fancyhdr.sty
Package: fancyhdr 2025/02/07 v5.2 Extensive control of page headers and footers
\f@nch@headwidth=\skip101
\f@nch@offset@elh=\skip102
\f@nch@offset@erh=\skip103
\f@nch@offset@olh=\skip104
\f@nch@offset@orh=\skip105
\f@nch@offset@elf=\skip106
\f@nch@offset@erf=\skip107
\f@nch@offset@olf=\skip108
\f@nch@offset@orf=\skip109
\f@nch@height=\skip110
\f@nch@footalignment=\skip111
\f@nch@widthL=\skip112
\f@nch@widthC=\skip113
\f@nch@widthR=\skip114
\@temptokenb=\toks33
) (C:\Users\jpca0\AppData\Local\Programs\MiKTeX\tex/latex/amsmath\amsmath.sty
Package: amsmath 2024/11/05 v2.17t AMS math features
\@mathmargin=\skip115

For additional information on amsmath, use the `?' option.
(C:\Users\jpca0\AppData\Local\Programs\MiKTeX\tex/latex/amsmath\amsbsy.sty
Package: amsbsy 1999/11/29 v1.2d Bold Symbols
\pmbraise@=\dimen192
) (C:\Users\jpca0\AppData\Local\Programs\MiKTeX\tex/latex/amsmath\amsopn.sty
Package: amsopn 2022/04/08 v2.04 operator names
)
\inf@bad=\count474
LaTeX Info: Redefining \frac on input line 233.
\uproot@=\count475
\leftroot@=\count476
LaTeX Info: Redefining \overline on input line 398.
LaTeX Info: Redefining \colon on input line 409.
\classnum@=\count477
\DOTSCASE@=\count478
LaTeX Info: Redefining \ldots on input line 495.
LaTeX Info: Redefining \dots on input line 498.
LaTeX Info: Redefining \cdots on input line 619.
\Mathstrutbox@=\box117
\strutbox@=\box118
LaTeX Info: Redefining \big on input line 721.
LaTeX Info: Redefining \Big on input line 722.
LaTeX Info: Redefining \bigg on input line 723.
LaTeX Info: Redefining \Bigg on input line 724.
\big@size=\dimen193
LaTeX Font Info:    Redeclaring font encoding OML on input line 742.
LaTeX Font Info:    Redeclaring font encoding OMS on input line 743.
\macc@depth=\count479
LaTeX Info: Redefining \bmod on input line 904.
LaTeX Info: Redefining \pmod on input line 909.
LaTeX Info: Redefining \smash on input line 939.
LaTeX Info: Redefining \relbar on input line 969.
LaTeX Info: Redefining \Relbar on input line 970.
\c@MaxMatrixCols=\count480
\dotsspace@=\muskip22
\c@parentequation=\count481
\dspbrk@lvl=\count482
\tag@help=\toks34
\row@=\count483
\column@=\count484
\maxfields@=\count485
\andhelp@=\toks35
\eqnshift@=\dimen194
\alignsep@=\dimen195
\tagshift@=\dimen196
\tagwidth@=\dimen197
\totwidth@=\dimen198
\lineht@=\dimen199
\@envbody=\toks36
\multlinegap=\skip116
\multlinetaggap=\skip117
\mathdisplay@stack=\toks37
LaTeX Info: Redefining \[ on input line 2953.
LaTeX Info: Redefining \] on input line 2954.
) (C:\Users\jpca0\AppData\Local\Programs\MiKTeX\tex/latex/mathtools\mathtools.sty
Package: mathtools 2024/10/04 v1.31 mathematical typesetting tools
 (C:\Users\jpca0\AppData\Local\Programs\MiKTeX\tex/latex/tools\calc.sty
Package: calc 2023/07/08 v4.3 Infix arithmetic (KKT,FJ)
\calc@Acount=\count486
\calc@Bcount=\count487
\calc@Adimen=\dimen256
\calc@Bdimen=\dimen257
\calc@Askip=\skip118
\calc@Bskip=\skip119
LaTeX Info: Redefining \setlength on input line 80.
LaTeX Info: Redefining \addtolength on input line 81.
\calc@Ccount=\count488
\calc@Cskip=\skip120
) (C:\Users\jpca0\AppData\Local\Programs\MiKTeX\tex/latex/mathtools\mhsetup.sty
Package: mhsetup 2021/03/18 v1.4 programming setup (MH)
)
\g_MT_multlinerow_int=\count489
\l_MT_multwidth_dim=\dimen258
\origjot=\skip121
\l_MT_shortvdotswithinadjustabove_dim=\dimen259
\l_MT_shortvdotswithinadjustbelow_dim=\dimen260
\l_MT_above_intertext_sep=\dimen261
\l_MT_below_intertext_sep=\dimen262
\l_MT_above_shortintertext_sep=\dimen263
\l_MT_below_shortintertext_sep=\dimen264
\xmathstrut@box=\box119
\xmathstrut@dim=\dimen265
) (C:\Users\jpca0\AppData\Local\Programs\MiKTeX\tex/latex/ncctools\nccmath.sty
Package: nccmath 2006/01/20 v1.3 Additional Math Commands (NCC)
\NCC@fracrulewidth=\dimen266
) (C:\Users\jpca0\AppData\Local\Programs\MiKTeX\tex/latex/cool\cool.sty
Package: cool 2023/05/03 v1.35 COntent Oriented LaTeX
 (C:\Users\jpca0\AppData\Local\Programs\MiKTeX\tex/latex/coollist\coollist.sty
Package: coollist 2023/05/03 v1.4 COntent Oriented LaTeX Lists
 (C:\Users\jpca0\AppData\Local\Programs\MiKTeX\tex/latex/coolstr\coolstr.sty
Package: coolstr 2009/09/09 v2.2 COntent Oriented LaTeX Strings
\c@COOL@strlen=\count490
\c@COOL@strpointer=\count491
\c@COOL@str@index=\count492
\c@COOL@str@start=\count493
\c@COOL@str@end=\count494
) (C:\Users\jpca0\AppData\Local\Programs\MiKTeX\tex/latex/forloop\forloop.sty
Package: forloop 2023/05/03 v3.0 For Loops for LaTeX
)
\c@COOL@listlen=\count495
\c@COOL@listpointer=\count496
\c@COOL@intsum=\count497
\c@COOL@register@ct=\count498
\c@COOL@register@len=\count499
) (C:\Users\jpca0\AppData\Local\Programs\MiKTeX\tex/latex/bbm\bbm.sty
Package: bbm 1999/03/15 V 1.2 provides fonts for set symbols - TH
LaTeX Font Info:    Overwriting math alphabet `\mathbbm' in version `bold'
(Font)                  U/bbm/m/n --> U/bbm/bx/n on input line 33.
LaTeX Font Info:    Overwriting math alphabet `\mathbbmss' in version `bold'
(Font)                  U/bbmss/m/n --> U/bbmss/bx/n on input line 35.
)
\c@COOL@ct=\count500
\c@COOL@ct@=\count501
\c@COOL@multideriv=\count502
\c@COOL@row=\count503
\c@COOL@col=\count504
)
Package csquotes Info: Checking for multilingual support...
Package csquotes Info: ... found 'babel' package.
Package csquotes Info: Adjusting default style.
Package csquotes Info: Redefining alias 'default' -> 'spanish'.
LaTeX Font Info:    Trying to load font information for OT1+ptm on input line 166.
 (C:\Users\jpca0\AppData\Local\Programs\MiKTeX\tex/latex/psnfss\ot1ptm.fd
File: ot1ptm.fd 2001/06/04 font definitions for OT1/ptm.
)

LaTeX Warning: Unused global option(s):
    [times].

(tesis.aux
LaTeX Info: Redefining \. on input line 13.
LaTeX Info: Redefining \% on input line 13.
 (0/resumen.aux) (0/abstract.aux) (0/dedicacion.aux) (0/agradecimientos.aux) (1/planteamiento.aux) (2/marco.aux

LaTeX Warning: Label `fig9' multiply defined.


LaTeX Warning: Label `fig9' multiply defined.


LaTeX Warning: Label `fig9' multiply defined.


LaTeX Warning: Label `tabla:15' multiply defined.


LaTeX Warning: Label `eq:' multiply defined.


LaTeX Warning: Label `fig1' multiply defined.


LaTeX Warning: Label `fig1' multiply defined.

) (3/metodologia.aux) (31/empresa.aux

LaTeX Warning: Label `fig1' multiply defined.


LaTeX Warning: Label `tab:widgets' multiply defined.


LaTeX Warning: Label `tab:widgets' multiply defined.


LaTeX Warning: Label `tab:widgets' multiply defined.


LaTeX Warning: Label `tab:widgets' multiply defined.

) (4/desarrollo.aux

LaTeX Warning: Label `fig11' multiply defined.


LaTeX Warning: Label `fig11' multiply defined.


LaTeX Warning: Label `fig11' multiply defined.


LaTeX Warning: Label `fig11' multiply defined.


LaTeX Warning: Label `fig11' multiply defined.


LaTeX Warning: Label `fig11' multiply defined.


LaTeX Warning: Label `fig11' multiply defined.


LaTeX Warning: Label `fig11' multiply defined.


LaTeX Warning: Label `fig11' multiply defined.


LaTeX Warning: Label `fig11' multiply defined.


LaTeX Warning: Label `fig11' multiply defined.


LaTeX Warning: Label `eq:RMSE' multiply defined.


LaTeX Warning: Label `eq:r2' multiply defined.


LaTeX Warning: Label `fig231' multiply defined.

) (5/resultados.aux) (6/conclusion.aux) (anexos/anexo.aux))
\openout1 = `tesis.aux'.

LaTeX Font Info:    Checking defaults for OML/cmm/m/it on input line 166.
LaTeX Font Info:    ... okay on input line 166.
LaTeX Font Info:    Checking defaults for OMS/cmsy/m/n on input line 166.
LaTeX Font Info:    ... okay on input line 166.
LaTeX Font Info:    Checking defaults for OT1/cmr/m/n on input line 166.
LaTeX Font Info:    ... okay on input line 166.
LaTeX Font Info:    Checking defaults for T1/cmr/m/n on input line 166.
LaTeX Font Info:    ... okay on input line 166.
LaTeX Font Info:    Checking defaults for TS1/cmr/m/n on input line 166.
LaTeX Font Info:    ... okay on input line 166.
LaTeX Font Info:    Checking defaults for OMX/cmex/m/n on input line 166.
LaTeX Font Info:    ... okay on input line 166.
LaTeX Font Info:    Checking defaults for U/cmr/m/n on input line 166.
LaTeX Font Info:    ... okay on input line 166.
LaTeX Font Info:    Checking defaults for PD1/pdf/m/n on input line 166.
LaTeX Font Info:    ... okay on input line 166.
LaTeX Font Info:    Checking defaults for PU/pdf/m/n on input line 166.
LaTeX Font Info:    ... okay on input line 166.

*geometry* driver: auto-detecting
*geometry* detected driver: pdftex
*geometry* verbose mode - [ preamble ] result:
* driver: pdftex
* paper: a4paper
* layout: <same size as paper>
* layoutoffset:(h,v)=(0.0pt,0.0pt)
* modes: 
* h-part:(L,W,R)=(72.2698pt, 452.96826pt, 72.2698pt)
* v-part:(T,H,B)=(72.2698pt, 700.50723pt, 72.2698pt)
* \paperwidth=597.50787pt
* \paperheight=845.04684pt
* \textwidth=452.96826pt
* \textheight=700.50723pt
* \oddsidemargin=-0.00018pt
* \evensidemargin=-0.00018pt
* \topmargin=-37.00018pt
* \headheight=12.0pt
* \headsep=25.0pt
* \topskip=12.0pt
* \footskip=30.0pt
* \marginparwidth=44.0pt
* \marginparsep=10.0pt
* \columnsep=20.0pt
* \skip\footins=10.8pt plus 4.0pt minus 2.0pt
* \hoffset=0.0pt
* \voffset=0.0pt
* \mag=1000
* \@twocolumnfalse
* \@twosidefalse
* \@mparswitchfalse
* \@reversemarginfalse
* (1in=72.27pt=25.4mm, 1cm=28.453pt)

(C:\Users\jpca0\AppData\Local\Programs\MiKTeX\tex/context/base/mkii\supp-pdf.mkii
[Loading MPS to PDF converter (version 2006.09.02).]
\scratchcounter=\count505
\scratchdimen=\dimen267
\scratchbox=\box120
\nofMPsegments=\count506
\nofMParguments=\count507
\everyMPshowfont=\toks38
\MPscratchCnt=\count508
\MPscratchDim=\dimen268
\MPnumerator=\count509
\makeMPintoPDFobject=\count510
\everyMPtoPDFconversion=\toks39
) (C:\Users\jpca0\AppData\Local\Programs\MiKTeX\tex/latex/epstopdf-pkg\epstopdf-base.sty
Package: epstopdf-base 2020-01-24 v2.11 Base part for package epstopdf
Package epstopdf-base Info: Redefining graphics rule for `.eps' on input line 485.
 (C:\Users\jpca0\AppData\Local\Programs\MiKTeX\tex/latex/00miktex\epstopdf-sys.cfg
File: epstopdf-sys.cfg 2021/03/18 v2.0 Configuration of epstopdf for MiKTeX
)) (C:\Users\jpca0\AppData\Local\Programs\MiKTeX\tex/latex/translations/dicts\translations-basic-dictionary-spanish.trsl
File: translations-basic-dictionary-spanish.trsl (spanish translation file `translations-basic-dictionary')
)
Package translations Info: loading dictionary `translations-basic-dictionary' for `spanish'. on input line 166.
LaTeX Info: Redefining \. on input line 166.
LaTeX Info: Redefining \% on input line 166.
Package biblatex Info: Trying to load language 'spanish' -> 'spanish-apa'...
Package biblatex Info: ... file 'spanish-apa.lbx' found.
 (C:\Users\jpca0\AppData\Local\Programs\MiKTeX\tex/latex/biblatex-apa\spanish-apa.lbx
File: spanish-apa.lbx 2023/03/20 v9.17 APA biblatex localisation
Package biblatex Info: Trying to load language 'spanish'...
Package biblatex Info: ... file 'spanish.lbx' found.
 (C:\Users\jpca0\AppData\Local\Programs\MiKTeX\tex/latex/biblatex/lbx\spanish.lbx
File: spanish.lbx 2024/03/21 v3.20 biblatex localization (PK/MW)
)
Package biblatex Info: Trying to load language 'spanish'...
Package biblatex Info: ... file 'spanish.lbx' found.
 (C:\Users\jpca0\AppData\Local\Programs\MiKTeX\tex/latex/biblatex/lbx\spanish.lbx
File: spanish.lbx 2024/03/21 v3.20 biblatex localization (PK/MW)
))
Package biblatex Info: Input encoding 'utf8' detected.
Package biblatex Info: Automatic encoding selection.
(biblatex)             Assuming data encoding 'utf8'.
\openout3 = `tesis.bcf'.

Package biblatex Info: Trying to load bibliographic data...
Package biblatex Info: ... file 'tesis.bbl' found.
 (tesis.bbl)
Package biblatex Info: Reference section=0 on input line 166.
Package biblatex Info: Reference segment=0 on input line 166.
Package hyperref Info: Link coloring ON on input line 166.
 (tesis.out) (tesis.out)
\@outlinefile=\write4
\openout4 = `tesis.out'.

Package caption Info: Begin \AtBeginDocument code.
Package caption Info: float package is loaded.
Package caption Info: End \AtBeginDocument code.
<images_repo/esanlogomin.png, id=699, 100.6962pt x 100.2144pt>
File: images_repo/esanlogomin.png Graphic file (type png)
<use images_repo/esanlogomin.png>
Package pdftex.def Info: images_repo/esanlogomin.png  used on input line 170.
(pdftex.def)             Requested size: 203.83434pt x 202.87491pt.


[1

{C:/Users/jpca0/AppData/Local/MiKTeX/fonts/map/pdftex/pdftex.map}{C:/Users/jpca0/AppData/Local/Programs/MiKTeX/fonts/enc/dvips/base/8r.enc} <./images_repo/esanlogomin.png>]
\openout2 = `0/resumen.aux'.

 (0/resumen.tex
Underfull \hbox (badness 10000) in paragraph at lines 15--16

 []

)


pdfTeX warning (ext4): destination with the same identifier (name{page.1}) has been already used, duplicate ignored
<to be read again> 
                   \relax 
l.194 		\include{0/resumen}
                            [1

]
\openout2 = `0/abstract.aux'.

 (0/abstract.tex
Underfull \hbox (badness 10000) in paragraph at lines 13--15

 []

)

[2



]
\openout2 = `0/dedicacion.aux'.

 (0/dedicacion.tex)

[3



]
\openout2 = `0/agradecimientos.aux'.

 (0/agradecimientos.tex) (tesis.toc
LaTeX Info: Redefining \sptext on input line 1.
LaTeX Info: Redefining \. on input line 1.
LaTeX Info: Redefining \% on input line 1.
LaTeX Font Info:    Trying to load font information for OT1+ztmcm on input line 5.
 (C:\Users\jpca0\AppData\Local\Programs\MiKTeX\tex/latex/psnfss\ot1ztmcm.fd
File: ot1ztmcm.fd 2000/01/03 Fontinst v1.801 font definitions for OT1/ztmcm.
)
LaTeX Font Info:    Trying to load font information for OML+ztmcm on input line 5.
 (C:\Users\jpca0\AppData\Local\Programs\MiKTeX\tex/latex/psnfss\omlztmcm.fd
File: omlztmcm.fd 2000/01/03 Fontinst v1.801 font definitions for OML/ztmcm.
)
LaTeX Font Info:    Trying to load font information for OMS+ztmcm on input line 5.
 (C:\Users\jpca0\AppData\Local\Programs\MiKTeX\tex/latex/psnfss\omsztmcm.fd
File: omsztmcm.fd 2000/01/03 Fontinst v1.801 font definitions for OMS/ztmcm.
)
LaTeX Font Info:    Trying to load font information for OMX+ztmcm on input line 5.
 (C:\Users\jpca0\AppData\Local\Programs\MiKTeX\tex/latex/psnfss\omxztmcm.fd
File: omxztmcm.fd 2000/01/03 Fontinst v1.801 font definitions for OMX/ztmcm.
)
LaTeX Font Info:    Font shape `OT1/ptm/bx/n' in size <12> not available
(Font)              Font shape `OT1/ptm/b/n' tried instead on input line 5.
LaTeX Font Info:    Font shape `OT1/ptm/bx/n' in size <9> not available
(Font)              Font shape `OT1/ptm/b/n' tried instead on input line 5.
LaTeX Font Info:    Font shape `OT1/ptm/bx/n' in size <7> not available
(Font)              Font shape `OT1/ptm/b/n' tried instead on input line 5.


[4






]
Overfull \hbox (7.7916pt too wide) in paragraph at lines 32--32
 \OT1/ptm/m/n/12 Ven-tas uti-li-zan-do Re-des Neu-ro-na-les Ar-ti-fi-cia-les pa-ra la Em-pre-sa Cer[]ami- 
 []


Overfull \hbox (6.98856pt too wide) in paragraph at lines 51--51
 [][] [][][]\OT1/ptm/m/n/12 Approaching sa-les fo-re-cas-ting using re-cu-rrent neu-ral net-works and trans- 
 []



LaTeX Info: Redefining \sptext on input line 81.
LaTeX Info: Redefining \. on input line 81.
LaTeX Info: Redefining \% on input line 81.
[5]

LaTeX Info: Redefining \sptext on input line 119.
LaTeX Info: Redefining \. on input line 119.
LaTeX Info: Redefining \% on input line 119.
[6]

LaTeX Info: Redefining \sptext on input line 144.
LaTeX Info: Redefining \. on input line 144.
LaTeX Info: Redefining \% on input line 144.
[7]

LaTeX Info: Redefining \sptext on input line 172.
LaTeX Info: Redefining \. on input line 172.
LaTeX Info: Redefining \% on input line 172.
[8])
\tf@toc=\write5
\openout5 = `tesis.toc'.



LaTeX Info: Redefining \. on input line 212.
LaTeX Info: Redefining \% on input line 212.
[9] (tesis.lof
LaTeX Info: Redefining \sptext on input line 1.
LaTeX Info: Redefining \. on input line 1.
LaTeX Info: Redefining \% on input line 1.


[10

])
\tf@lof=\write6
\openout6 = `tesis.lof'.



LaTeX Info: Redefining \. on input line 214.
LaTeX Info: Redefining \% on input line 214.
[11] (tesis.lot
LaTeX Info: Redefining \sptext on input line 1.
LaTeX Info: Redefining \. on input line 1.
LaTeX Info: Redefining \% on input line 1.
)
\tf@lot=\write7
\openout7 = `tesis.lot'.



[12

]
\openout2 = `1/planteamiento.aux'.

 (1/planteamiento.tex
Cap\'{\i }tulo 1.
LaTeX Font Info:    Trying to load font information for U+lasy on input line 4.
(C:\Users\jpca0\AppData\Local\Programs\MiKTeX\tex/latex/base\ulasy.fd
File: ulasy.fd 1998/08/17 v2.2e LaTeX symbol font definitions
)

[13


]

LaTeX Info: Redefining \. on input line 11.
LaTeX Info: Redefining \% on input line 11.
[14]

LaTeX Info: Redefining \. on input line 128.
LaTeX Info: Redefining \% on input line 128.
[15]

LaTeX Info: Redefining \. on input line 142.
LaTeX Info: Redefining \% on input line 142.
[16]

LaTeX Info: Redefining \. on input line 176.
LaTeX Info: Redefining \% on input line 176.
[17])

LaTeX Info: Redefining \. on input line 218.
LaTeX Info: Redefining \% on input line 218.
[18]

LaTeX Info: Redefining \. on input line 218.
LaTeX Info: Redefining \% on input line 218.
[19]
\openout2 = `2/marco.aux'.

 (2/marco.tex
Cap\'{\i }tulo 2.
(2/1_antecedentes/antecedentes.tex

[20




]
Underfull \hbox (badness 10000) in paragraph at lines 32--33

 []



LaTeX Info: Redefining \. on input line 33.
LaTeX Info: Redefining \% on input line 33.
[21]
LaTeX Font Info:    Trying to load font information for TS1+ptm on input line 54.
 (C:\Users\jpca0\AppData\Local\Programs\MiKTeX\tex/latex/psnfss\ts1ptm.fd
File: ts1ptm.fd 2001/06/04 font definitions for TS1/ptm.
)

LaTeX Info: Redefining \. on input line 61.
LaTeX Info: Redefining \% on input line 61.
[22]
Underfull \hbox (badness 10000) in paragraph at lines 77--78

 []


Underfull \hbox (badness 10000) in paragraph at lines 79--80

 []



LaTeX Info: Redefining \. on input line 86.
LaTeX Info: Redefining \% on input line 86.
[23]

LaTeX Info: Redefining \. on input line 110.
LaTeX Info: Redefining \% on input line 110.
[24]
Underfull \hbox (badness 10000) in paragraph at lines 157--158

 []



LaTeX Info: Redefining \. on input line 158.
LaTeX Info: Redefining \% on input line 158.
[25]
Underfull \hbox (badness 10000) in paragraph at lines 159--160

 []



LaTeX Info: Redefining \. on input line 170.
LaTeX Info: Redefining \% on input line 170.
[26]

LaTeX Info: Redefining \. on input line 190.
LaTeX Info: Redefining \% on input line 190.
[27]

LaTeX Info: Redefining \. on input line 202.
LaTeX Info: Redefining \% on input line 202.
[28]
Underfull \hbox (badness 10000) in paragraph at lines 210--213

 []



LaTeX Info: Redefining \. on input line 233.
LaTeX Info: Redefining \% on input line 233.
[29]
Underfull \hbox (badness 10000) in paragraph at lines 236--237

 []



LaTeX Info: Redefining \. on input line 244.
LaTeX Info: Redefining \% on input line 244.
[30]
<2/figures/ant1_time-series.png, id=1098, 342.5297pt x 213.04594pt>
File: 2/figures/ant1_time-series.png Graphic file (type png)
<use 2/figures/ant1_time-series.png>
Package pdftex.def Info: 2/figures/ant1_time-series.png  used on input line 263.
(pdftex.def)             Requested size: 317.0764pt x 197.2302pt.


LaTeX Info: Redefining \. on input line 269.
LaTeX Info: Redefining \% on input line 269.
[31]
<2/figures/resul_ant1.png, id=1108, 426.84468pt x 160.34906pt>
File: 2/figures/resul_ant1.png Graphic file (type png)
<use 2/figures/resul_ant1.png>
Package pdftex.def Info: 2/figures/resul_ant1.png  used on input line 275.
(pdftex.def)             Requested size: 317.0764pt x 119.12132pt.
<2/figures/resul_ant11.png, id=1109, 426.84468pt x 164.11313pt>
File: 2/figures/resul_ant11.png Graphic file (type png)
<use 2/figures/resul_ant11.png>
Package pdftex.def Info: 2/figures/resul_ant11.png  used on input line 284.
(pdftex.def)             Requested size: 317.0764pt x 121.91759pt.


LaTeX Info: Redefining \. on input line 290.
LaTeX Info: Redefining \% on input line 290.
[32 <./2/figures/ant1_time-series.png> <./2/figures/resul_ant1.png>]
Overfull \hbox (0.67064pt too wide) in paragraph at lines 295--295
[]\OT1/ptm/b/n/14.4 Approaching sa-les fo-re-cas-ting using re-cu-rrent neu-ral net-works and
 []



LaTeX Info: Redefining \. on input line 304.
LaTeX Info: Redefining \% on input line 304.
[33 <./2/figures/resul_ant11.png>]

LaTeX Info: Redefining \. on input line 313.
LaTeX Info: Redefining \% on input line 313.
[34]
<2/figures/resul_ant2.png, id=1125, 382.42876pt x 246.1697pt>
File: 2/figures/resul_ant2.png Graphic file (type png)
<use 2/figures/resul_ant2.png>
Package pdftex.def Info: 2/figures/resul_ant2.png  used on input line 319.
(pdftex.def)             Requested size: 317.0764pt x 204.11043pt.


LaTeX Info: Redefining \. on input line 336.
LaTeX Info: Redefining \% on input line 336.
[35 <./2/figures/resul_ant2.png>]

LaTeX Info: Redefining \. on input line 347.
LaTeX Info: Redefining \% on input line 347.
[36]

LaTeX Info: Redefining \. on input line 362.
LaTeX Info: Redefining \% on input line 362.
[37]

LaTeX Info: Redefining \. on input line 374.
LaTeX Info: Redefining \% on input line 374.
[38]
Underfull \hbox (badness 10000) in paragraph at lines 374--375

 []



LaTeX Info: Redefining \. on input line 389.
LaTeX Info: Redefining \% on input line 389.
[39]

LaTeX Info: Redefining \. on input line 411.
LaTeX Info: Redefining \% on input line 411.
[40]

LaTeX Info: Redefining \. on input line 423.
LaTeX Info: Redefining \% on input line 423.
[41]

LaTeX Info: Redefining \. on input line 433.
LaTeX Info: Redefining \% on input line 433.
[42]

LaTeX Info: Redefining \. on input line 461.
LaTeX Info: Redefining \% on input line 461.
[43]

LaTeX Info: Redefining \. on input line 474.
LaTeX Info: Redefining \% on input line 474.
[44]

LaTeX Warning: `!h' float specifier changed to `!ht'.



LaTeX Info: Redefining \. on input line 511.
LaTeX Info: Redefining \% on input line 511.
[45]

LaTeX Info: Redefining \. on input line 519.
LaTeX Info: Redefining \% on input line 519.
[46]

LaTeX Info: Redefining \. on input line 550.
LaTeX Info: Redefining \% on input line 550.
[47]

LaTeX Info: Redefining \. on input line 587.
LaTeX Info: Redefining \% on input line 587.
[48]

LaTeX Info: Redefining \. on input line 622.
LaTeX Info: Redefining \% on input line 622.
[49]) (2/2_teoria/base_teo.tex

LaTeX Info: Redefining \. on input line 8.
LaTeX Info: Redefining \% on input line 8.
[50]

LaTeX Info: Redefining \. on input line 19.
LaTeX Info: Redefining \% on input line 19.
[51]
<2/figures/arbol_decision_mitchell.png, id=1246, 335.75438pt x 210.03468pt>
File: 2/figures/arbol_decision_mitchell.png Graphic file (type png)
<use 2/figures/arbol_decision_mitchell.png>
Package pdftex.def Info: 2/figures/arbol_decision_mitchell.png  used on input line 24.
(pdftex.def)             Requested size: 362.37598pt x 226.68985pt.


LaTeX Info: Redefining \. on input line 35.
LaTeX Info: Redefining \% on input line 35.
[52 <./2/figures/arbol_decision_mitchell.png>]

LaTeX Info: Redefining \. on input line 76.
LaTeX Info: Redefining \% on input line 76.
[53]
<2/figures/LSTM_arquitectura.png, id=1271, 302.63063pt x 150.5625pt>
File: 2/figures/LSTM_arquitectura.png Graphic file (type png)
<use 2/figures/LSTM_arquitectura.png>
Package pdftex.def Info: 2/figures/LSTM_arquitectura.png  used on input line 83.
(pdftex.def)             Requested size: 362.37598pt x 180.28812pt.


LaTeX Info: Redefining \. on input line 89.
LaTeX Info: Redefining \% on input line 89.
[54]

LaTeX Info: Redefining \. on input line 120.
LaTeX Info: Redefining \% on input line 120.
[55 <./2/figures/LSTM_arquitectura.png>]

LaTeX Info: Redefining \. on input line 166.
LaTeX Info: Redefining \% on input line 166.
[56]

LaTeX Info: Redefining \. on input line 191.
LaTeX Info: Redefining \% on input line 191.
[57]
<2/figures/graf_series_tiempo.png, id=1301, 341.02406pt x 188.95593pt>
File: 2/figures/graf_series_tiempo.png Graphic file (type png)
<use 2/figures/graf_series_tiempo.png>
Package pdftex.def Info: 2/figures/graf_series_tiempo.png  used on input line 194.
(pdftex.def)             Requested size: 362.37598pt x 200.79977pt.


LaTeX Info: Redefining \. on input line 206.
LaTeX Info: Redefining \% on input line 206.
[58 <./2/figures/graf_series_tiempo.png>]

LaTeX Info: Redefining \. on input line 218.
LaTeX Info: Redefining \% on input line 218.
[59]
Overfull \hbox (2.22432pt too wide) in paragraph at lines 221--222
[]\OT1/ptm/m/n/12 Variaciones ge-ne-ra-das por even-tos par-ti-cu-la-res cla-ra-men-te iden-ti-fi-ca-bles, co-mo elec-
 []

<2/figures/compon_serie_temp.png, id=1317, 432.11438pt x 285.31593pt>
File: 2/figures/compon_serie_temp.png Graphic file (type png)
<use 2/figures/compon_serie_temp.png>
Package pdftex.def Info: 2/figures/compon_serie_temp.png  used on input line 229.
(pdftex.def)             Requested size: 362.37598pt x 239.27628pt.


LaTeX Info: Redefining \. on input line 238.
LaTeX Info: Redefining \% on input line 238.
[60 <./2/figures/compon_serie_temp.png>]
<2/figures/aplic_serie_temp.png, id=1327, 454.69875pt x 218.31563pt>
File: 2/figures/aplic_serie_temp.png Graphic file (type png)
<use 2/figures/aplic_serie_temp.png>
Package pdftex.def Info: 2/figures/aplic_serie_temp.png  used on input line 241.
(pdftex.def)             Requested size: 362.37598pt x 173.9898pt.


LaTeX Info: Redefining \. on input line 259.
LaTeX Info: Redefining \% on input line 259.
[61 <./2/figures/aplic_serie_temp.png>]
<2/figures/val_alfa.png, id=1340, 423.83344pt x 295.1025pt>
File: 2/figures/val_alfa.png Graphic file (type png)
<use 2/figures/val_alfa.png>
Package pdftex.def Info: 2/figures/val_alfa.png  used on input line 285.
(pdftex.def)             Requested size: 362.37598pt x 252.31975pt.


LaTeX Info: Redefining \. on input line 290.
LaTeX Info: Redefining \% on input line 290.
[62]

LaTeX Info: Redefining \. on input line 321.
LaTeX Info: Redefining \% on input line 321.
[63 <./2/figures/val_alfa.png>]

LaTeX Info: Redefining \. on input line 361.
LaTeX Info: Redefining \% on input line 361.
[64]) (2/3_conceptos/marc_conceptual.tex

LaTeX Info: Redefining \. on input line 16.
LaTeX Info: Redefining \% on input line 16.
[65]

LaTeX Info: Redefining \. on input line 30.
LaTeX Info: Redefining \% on input line 30.
[66]))

LaTeX Info: Redefining \. on input line 219.
LaTeX Info: Redefining \% on input line 219.
[67]
\openout2 = `3/metodologia.aux'.

 (3/metodologia.tex
Cap\'{\i }tulo 3.


[68




]

LaTeX Info: Redefining \. on input line 32.
LaTeX Info: Redefining \% on input line 32.
[69]
<3/figures/querysql.jpg, id=1413, 963.6pt x 327.47343pt>
File: 3/figures/querysql.jpg Graphic file (type jpg)
<use 3/figures/querysql.jpg>
Package pdftex.def Info: 3/figures/querysql.jpg  used on input line 143.
(pdftex.def)             Requested size: 407.66867pt x 138.54227pt.


LaTeX Info: Redefining \. on input line 149.
LaTeX Info: Redefining \% on input line 149.
[70]
<3/figures/tablaSQL.jpg, id=1418, 333.245pt x 658.46pt>
File: 3/figures/tablaSQL.jpg Graphic file (type jpg)
<use 3/figures/tablaSQL.jpg>
Package pdftex.def Info: 3/figures/tablaSQL.jpg  used on input line 153.
(pdftex.def)             Requested size: 226.48413pt x 447.5158pt.


LaTeX Info: Redefining \. on input line 159.
LaTeX Info: Redefining \% on input line 159.
[71 <./3/figures/querysql.jpg>]

LaTeX Info: Redefining \. on input line 181.
LaTeX Info: Redefining \% on input line 181.
[72 <./3/figures/tablaSQL.jpg>]
<2/figures/KDD.png, id=1428, 539.01375pt x 116.68594pt>
File: 2/figures/KDD.png Graphic file (type png)
<use 2/figures/KDD.png>
Package pdftex.def Info: 2/figures/KDD.png  used on input line 185.
(pdftex.def)             Requested size: 407.66867pt x 88.25313pt.

Overfull \hbox (13.46071pt too wide) in paragraph at lines 195--211
 [][]  
 []



LaTeX Info: Redefining \. on input line 212.
LaTeX Info: Redefining \% on input line 212.
[73 <./2/figures/KDD.png>]

LaTeX Info: Redefining \. on input line 250.
LaTeX Info: Redefining \% on input line 250.
[74]

LaTeX Info: Redefining \. on input line 259.
LaTeX Info: Redefining \% on input line 259.
[75]

LaTeX Info: Redefining \. on input line 298.
LaTeX Info: Redefining \% on input line 298.
[76]
<3/figures/select_tablas.png, id=1447, 369.63094pt x 300.3722pt>
File: 3/figures/select_tablas.png Graphic file (type png)
<use 3/figures/select_tablas.png>
Package pdftex.def Info: 3/figures/select_tablas.png  used on input line 305.
(pdftex.def)             Requested size: 271.7837pt x 220.86028pt.


LaTeX Info: Redefining \. on input line 311.
LaTeX Info: Redefining \% on input line 311.
[77]
File: 3/figures/tablaSQL.jpg Graphic file (type jpg)
<use 3/figures/tablaSQL.jpg>
Package pdftex.def Info: 3/figures/tablaSQL.jpg  used on input line 314.
(pdftex.def)             Requested size: 271.7837pt x 537.05714pt.


LaTeX Info: Redefining \. on input line 320.
LaTeX Info: Redefining \% on input line 320.
[78 <./3/figures/select_tablas.png>]

LaTeX Info: Redefining \. on input line 326.
LaTeX Info: Redefining \% on input line 326.
[79]
<3/figures/descrip_var.png, id=1462, 377.15906pt x 192.72pt>
File: 3/figures/descrip_var.png Graphic file (type png)
<use 3/figures/descrip_var.png>
Package pdftex.def Info: 3/figures/descrip_var.png  used on input line 331.
(pdftex.def)             Requested size: 271.7837pt x 138.8759pt.
<3/figures/cant_sem.png, id=1463, 627.3036pt x 324.4923pt>
File: 3/figures/cant_sem.png Graphic file (type png)
<use 3/figures/cant_sem.png>
Package pdftex.def Info: 3/figures/cant_sem.png  used on input line 340.
(pdftex.def)             Requested size: 271.7837pt x 140.58855pt.
<3/figures/distr_precios.png, id=1464, 633.8079pt x 338.2236pt>
File: 3/figures/distr_precios.png Graphic file (type png)
<use 3/figures/distr_precios.png>
Package pdftex.def Info: 3/figures/distr_precios.png  used on input line 349.
(pdftex.def)             Requested size: 271.7837pt x 145.03592pt.


LaTeX Info: Redefining \. on input line 355.
LaTeX Info: Redefining \% on input line 355.
[80 <./3/figures/descrip_var.png> <./3/figures/cant_sem.png>]
<3/figures/corr_var.png, id=1471, 915.42pt x 744.7825pt>
File: 3/figures/corr_var.png Graphic file (type png)
<use 3/figures/corr_var.png>
Package pdftex.def Info: 3/figures/corr_var.png  used on input line 358.
(pdftex.def)             Requested size: 271.7837pt x 221.11812pt.


LaTeX Info: Redefining \. on input line 374.
LaTeX Info: Redefining \% on input line 374.
[81 <./3/figures/distr_precios.png> <./3/figures/corr_var.png (PNG copy)>]

LaTeX Info: Redefining \. on input line 408.
LaTeX Info: Redefining \% on input line 408.
[82]

LaTeX Info: Redefining \. on input line 417.
LaTeX Info: Redefining \% on input line 417.
[83]

LaTeX Info: Redefining \. on input line 439.
LaTeX Info: Redefining \% on input line 439.
[84]
LaTeX Info: Symbol \textasciiacute not provided by
            font family ptm in TS1 encoding.
            Default family used instead on input line 470.

Underfull \hbox (badness 10000) in paragraph at lines 487--488

 []



LaTeX Info: Redefining \. on input line 489.
LaTeX Info: Redefining \% on input line 489.
[85]
Underfull \hbox (badness 10000) in paragraph at lines 489--490

 []


Underfull \hbox (badness 10000) in paragraph at lines 491--492

 []



LaTeX Info: Redefining \. on input line 531.
LaTeX Info: Redefining \% on input line 531.
[86]
Underfull \hbox (badness 10000) in paragraph at lines 559--564

 []



LaTeX Info: Redefining \. on input line 564.
LaTeX Info: Redefining \% on input line 564.
[87]
Underfull \hbox (badness 10000) in paragraph at lines 567--572

 []



LaTeX Info: Redefining \. on input line 577.
LaTeX Info: Redefining \% on input line 577.
[88]

LaTeX Info: Redefining \. on input line 610.
LaTeX Info: Redefining \% on input line 610.
[89]

LaTeX Info: Redefining \. on input line 645.
LaTeX Info: Redefining \% on input line 645.
[90]
<2/figures/crono_activ.png, id=1529, 456.95718pt x 392.96812pt>
File: 2/figures/crono_activ.png Graphic file (type png)
<use 2/figures/crono_activ.png>
Package pdftex.def Info: 2/figures/crono_activ.png  used on input line 675.
(pdftex.def)             Requested size: 407.66867pt x 350.59198pt.


LaTeX Info: Redefining \. on input line 681.
LaTeX Info: Redefining \% on input line 681.
[91])

LaTeX Info: Redefining \. on input line 220.
LaTeX Info: Redefining \% on input line 220.
[92 <./2/figures/crono_activ.png>]
\openout2 = `31/empresa.aux'.

 (31/empresa.tex
Cap\'{\i }tulo 4.

Underfull \hbox (badness 10000) in paragraph at lines 5--7

 []


Underfull \hbox (badness 10000) in paragraph at lines 12--14

 []



[93




]
Underfull \hbox (badness 10000) in paragraph at lines 15--17

 []


Underfull \hbox (badness 10000) in paragraph at lines 18--21

 []

<31/figures/organigrama.png, id=1546, 424.58624pt x 253.69781pt>
File: 31/figures/organigrama.png Graphic file (type png)
<use 31/figures/organigrama.png>
Package pdftex.def Info: 31/figures/organigrama.png  used on input line 29.
(pdftex.def)             Requested size: 362.37598pt x 216.5345pt.

LaTeX Warning: `h' float specifier changed to `ht'.



LaTeX Info: Redefining \. on input line 39.
LaTeX Info: Redefining \% on input line 39.
[94]
Underfull \hbox (badness 10000) in paragraph at lines 51--53

 []



LaTeX Info: Redefining \. on input line 54.
LaTeX Info: Redefining \% on input line 54.
[95 <./31/figures/organigrama.png>]

LaTeX Info: Redefining \. on input line 84.
LaTeX Info: Redefining \% on input line 84.
[96]
LaTeX Info: Redefining \. on input line 123.
LaTeX Info: Redefining \% on input line 123.
 [97]

LaTeX Info: Redefining \. on input line 148.
LaTeX Info: Redefining \% on input line 148.
[98]

LaTeX Info: Redefining \. on input line 151.
LaTeX Info: Redefining \% on input line 151.
[99]
LaTeX Info: Redefining \. on input line 173.
LaTeX Info: Redefining \% on input line 173.
 [100]
<31/figures/Matriz_EFI_EFE.png, id=1577, 470.412pt x 326.529pt>
File: 31/figures/Matriz_EFI_EFE.png Graphic file (type png)
<use 31/figures/Matriz_EFI_EFE.png>
Package pdftex.def Info: 31/figures/Matriz_EFI_EFE.png  used on input line 203.
(pdftex.def)             Requested size: 362.37598pt x 251.53772pt.


LaTeX Info: Redefining \. on input line 208.
LaTeX Info: Redefining \% on input line 208.
[101])

LaTeX Info: Redefining \. on input line 221.
LaTeX Info: Redefining \% on input line 221.
[102 <./31/figures/Matriz_EFI_EFE.png>]
\openout2 = `4/desarrollo.aux'.

 (4/desarrollo.tex
Cap\'{\i }tulo 5.
<2/figures/resul1_paper.jpg, id=1588, 453.19313pt x 276.28218pt>
File: 2/figures/resul1_paper.jpg Graphic file (type jpg)
<use 2/figures/resul1_paper.jpg>
Package pdftex.def Info: 2/figures/resul1_paper.jpg  used on input line 8.
(pdftex.def)             Requested size: 407.66867pt x 248.52939pt.


[103




]

LaTeX Info: Redefining \. on input line 24.
LaTeX Info: Redefining \% on input line 24.
[104 <./2/figures/resul1_paper.jpg>]

LaTeX Info: Redefining \. on input line 52.
LaTeX Info: Redefining \% on input line 52.
[105]
<2/figures/modelos_completo.png, id=1603, 676.77844pt x 495.35063pt>
File: 2/figures/modelos_completo.png Graphic file (type png)
<use 2/figures/modelos_completo.png>
Package pdftex.def Info: 2/figures/modelos_completo.png  used on input line 60.
(pdftex.def)             Requested size: 407.66867pt x 298.39178pt.


LaTeX Info: Redefining \. on input line 71.
LaTeX Info: Redefining \% on input line 71.
[106 <./2/figures/modelos_completo.png>]
<2/figures/df_completa.png, id=1609, 1305.37688pt x 359.09157pt>
File: 2/figures/df_completa.png Graphic file (type png)
<use 2/figures/df_completa.png>
Package pdftex.def Info: 2/figures/df_completa.png  used on input line 74.
(pdftex.def)             Requested size: 407.66867pt x 112.1446pt.
<2/figures/df_agregada.png, id=1610, 774.64406pt x 360.59718pt>
File: 2/figures/df_agregada.png Graphic file (type png)
<use 2/figures/df_agregada.png>
Package pdftex.def Info: 2/figures/df_agregada.png  used on input line 85.
(pdftex.def)             Requested size: 407.66867pt x 189.77304pt.
<2/figures/df_verduras_completa.png, id=1611, 865.73438pt x 536.0025pt>
File: 2/figures/df_verduras_completa.png Graphic file (type png)
<use 2/figures/df_verduras_completa.png>
Package pdftex.def Info: 2/figures/df_verduras_completa.png  used on input line 98.
(pdftex.def)             Requested size: 407.66867pt x 252.40375pt.


LaTeX Info: Redefining \. on input line 103.
LaTeX Info: Redefining \% on input line 103.
[107 <./2/figures/df_completa.png> <./2/figures/df_agregada.png>]

LaTeX Info: Redefining \. on input line 116.
LaTeX Info: Redefining \% on input line 116.
[108 <./2/figures/df_verduras_completa.png>]
<2/figures/parametros_modelo.png, id=1626, 587.19376pt x 557.83406pt>
File: 2/figures/parametros_modelo.png Graphic file (type png)
<use 2/figures/parametros_modelo.png>
Package pdftex.def Info: 2/figures/parametros_modelo.png  used on input line 123.
(pdftex.def)             Requested size: 407.66867pt x 387.28072pt.


LaTeX Info: Redefining \. on input line 140.
LaTeX Info: Redefining \% on input line 140.
[109 <./2/figures/parametros_modelo.png>]
<2/figures/df_verdura_isnull.png, id=1632, 217.5628pt x 328.22626pt>
File: 2/figures/df_verdura_isnull.png Graphic file (type png)
<use 2/figures/df_verdura_isnull.png>
Package pdftex.def Info: 2/figures/df_verdura_isnull.png  used on input line 147.
(pdftex.def)             Requested size: 181.18454pt x 273.35927pt.


LaTeX Info: Redefining \. on input line 165.
LaTeX Info: Redefining \% on input line 165.
[110 <./2/figures/df_verdura_isnull.png>]
<2/figures/variables_dfverdura.png, id=1638, 965.10562pt x 593.96906pt>
File: 2/figures/variables_dfverdura.png Graphic file (type png)
<use 2/figures/variables_dfverdura.png>
Package pdftex.def Info: 2/figures/variables_dfverdura.png  used on input line 172.
(pdftex.def)             Requested size: 317.0764pt x 195.14032pt.
<2/figures/historico_ventas.png, id=1639, 577.40718pt x 321.45094pt>
File: 2/figures/historico_ventas.png Graphic file (type png)
<use 2/figures/historico_ventas.png>
Package pdftex.def Info: 2/figures/historico_ventas.png  used on input line 182.
(pdftex.def)             Requested size: 317.0764pt x 176.52878pt.


LaTeX Info: Redefining \. on input line 193.
LaTeX Info: Redefining \% on input line 193.
[111 <./2/figures/variables_dfverdura.png> <./2/figures/historico_ventas.png>]
<2/figures/train_test.png, id=1646, 584.1825pt x 162.6075pt>
File: 2/figures/train_test.png Graphic file (type png)
<use 2/figures/train_test.png>
Package pdftex.def Info: 2/figures/train_test.png  used on input line 196.
(pdftex.def)             Requested size: 317.0764pt x 88.26079pt.
<2/figures/modelos.png, id=1647, 338.01282pt x 132.495pt>
File: 2/figures/modelos.png Graphic file (type png)
<use 2/figures/modelos.png>
Package pdftex.def Info: 2/figures/modelos.png  used on input line 205.
(pdftex.def)             Requested size: 317.0764pt x 124.29259pt.
<2/figures/metricas_df.png, id=1648, 498.36188pt x 208.52907pt>
File: 2/figures/metricas_df.png Graphic file (type png)
<use 2/figures/metricas_df.png>
Package pdftex.def Info: 2/figures/metricas_df.png  used on input line 217.
(pdftex.def)             Requested size: 317.0764pt x 132.67538pt.


LaTeX Info: Redefining \. on input line 224.
LaTeX Info: Redefining \% on input line 224.
[112 <./2/figures/train_test.png> <./2/figures/modelos.png>]
<2/figures/comparacion_modelos.png, id=1655, 555.57562pt x 426.84468pt>
File: 2/figures/comparacion_modelos.png Graphic file (type png)
<use 2/figures/comparacion_modelos.png>
Package pdftex.def Info: 2/figures/comparacion_modelos.png  used on input line 239.
(pdftex.def)             Requested size: 362.37598pt x 278.41621pt.
File: 2/figures/modelos_completo.png Graphic file (type png)
<use 2/figures/modelos_completo.png>
Package pdftex.def Info: 2/figures/modelos_completo.png  used on input line 249.
(pdftex.def)             Requested size: 362.37598pt x 265.24051pt.


LaTeX Info: Redefining \. on input line 264.
LaTeX Info: Redefining \% on input line 264.
[113 <./2/figures/metricas_df.png> <./2/figures/comparacion_modelos.png>]

LaTeX Info: Redefining \. on input line 285.
LaTeX Info: Redefining \% on input line 285.
[114]
<2/figures/resultadofinal_numerico.png, id=1668, 213.04594pt x 299.61937pt>
File: 2/figures/resultadofinal_numerico.png Graphic file (type png)
<use 2/figures/resultadofinal_numerico.png>
Package pdftex.def Info: 2/figures/resultadofinal_numerico.png  used on input line 310.
(pdftex.def)             Requested size: 226.48413pt x 318.5368pt.


LaTeX Info: Redefining \. on input line 316.
LaTeX Info: Redefining \% on input line 316.
[115]
<2/figures/resultadofinal.png, id=1676, 911.65594pt x 321.45094pt>
File: 2/figures/resultadofinal.png Graphic file (type png)
<use 2/figures/resultadofinal.png>
Package pdftex.def Info: 2/figures/resultadofinal.png  used on input line 320.
(pdftex.def)             Requested size: 407.66867pt x 143.74417pt.
)

LaTeX Info: Redefining \. on input line 222.
LaTeX Info: Redefining \% on input line 222.
[116 <./2/figures/resultadofinal_numerico.png> <./2/figures/resultadofinal.png>]
\openout2 = `5/resultados.aux'.

 (5/resultados.tex
Cap\'{\i }tulo 6.


[117




]

LaTeX Info: Redefining \. on input line 59.
LaTeX Info: Redefining \% on input line 59.
[118])

LaTeX Info: Redefining \. on input line 223.
LaTeX Info: Redefining \% on input line 223.
[119]
\openout2 = `6/conclusion.aux'.

 (6/conclusion.tex
Cap\'{\i }tulo 7.
)

[120




]

[121




]
\openout2 = `anexos/anexo.aux'.

 (anexos/anexo.tex
Anexos A.
LaTeX Font Info:    Font shape `OT1/ptm/bx/n' in size <10.95> not available
(Font)              Font shape `OT1/ptm/b/n' tried instead on input line 7.
LaTeX Font Info:    Font shape `OT1/ptm/bx/n' in size <8> not available
(Font)              Font shape `OT1/ptm/b/n' tried instead on input line 7.
LaTeX Font Info:    Font shape `OT1/ptm/bx/n' in size <6> not available
(Font)              Font shape `OT1/ptm/b/n' tried instead on input line 7.

Underfull \hbox (badness 2426) in paragraph at lines 22--22
[]|\OT1/ptm/m/n/10.95 ?`Qu[]e t[]ecni-cas de pre-pro-ce-sa-
 []


Underfull \hbox (badness 5817) in paragraph at lines 22--22
\OT1/ptm/m/n/10.95 pro-ce-sa-mien-to de da-tos m[]as
 []


Underfull \hbox (badness 1072) in paragraph at lines 22--23
\OT1/ptm/m/n/10.95 m[]as efec-ti-vas pa-ra me-jo-rar la
 []


Underfull \hbox (badness 1596) in paragraph at lines 24--24
\OT1/ptm/m/n/10.95 de-man-da in-flu-yen en pre-de-cir
 []


Overfull \hbox (11.42305pt too wide) in paragraph at lines 7--31
 [][] 
 []


LaTeX Warning: `!h' float specifier changed to `!ht'.

)

[122


]

LaTeX Warning: Text page 123 contains only floats.



LaTeX Info: Redefining \. on input line 235.
LaTeX Info: Redefining \% on input line 235.
[123]

[124



]

LaTeX Info: Redefining \. on input line 241.
LaTeX Info: Redefining \% on input line 241.
[125]

LaTeX Info: Redefining \. on input line 244.
LaTeX Info: Redefining \% on input line 244.
[126] (tesis.aux
LaTeX Info: Redefining \sptext on input line 13.
LaTeX Info: Redefining \. on input line 13.
LaTeX Info: Redefining \% on input line 13.
 (0/resumen.aux) (0/abstract.aux) (0/dedicacion.aux) (0/agradecimientos.aux) (1/planteamiento.aux) (2/marco.aux) (3/metodologia.aux) (31/empresa.aux) (4/desarrollo.aux) (5/resultados.aux) (6/conclusion.aux) (anexos/anexo.aux))
 ***********
LaTeX2e <2024-11-01> patch level 2
L3 programming layer <2025-01-18>
 ***********


LaTeX Warning: There were multiply-defined labels.

Package rerunfilecheck Info: File `tesis.out' has not changed.
(rerunfilecheck)             Checksum: 053B85BFDCD3E9C873D497517C9A2552;39477.
Package logreq Info: Writing requests to 'tesis.run.xml'.
\openout1 = `tesis.run.xml'.

 ) 
Here is how much of TeX's memory you used:
 30866 strings out of 473522
 606269 string characters out of 5714609
 1547793 words of memory out of 5000000
 53089 multiletter control sequences out of 15000+600000
 600163 words of font info for 124 fonts, out of 8000000 for 9000
 1141 hyphenation exceptions out of 8191
 73i,14n,90p,1978b,3192s stack positions out of 10000i,1000n,20000p,200000b,200000s
 <C:\Users\jpca0\AppData\Local\MiKTeX\fonts/pk/ljfour/jknappen/ec/dpi600\tcrm1200.pk><C:/Users/jpca0/AppData/Local/Programs/MiKTeX/fonts/type1/public/amsfonts/cm/cmex10.pfb><C:/Users/jpca0/AppData/Local/Programs/MiKTeX/fonts/type1/public/amsfonts/cm/cmmi10.pfb><C:/Users/jpca0/AppData/Local/Programs/MiKTeX/fonts/type1/public/amsfonts/cm/cmr10.pfb><C:/Users/jpca0/AppData/Local/Programs/MiKTeX/fonts/type1/public/amsfonts/cm/cmsy10.pfb><C:/Users/jpca0/AppData/Local/Programs/MiKTeX/fonts/type1/public/amsfonts/latxfont/lasy10.pfb><C:/Users/jpca0/AppData/Local/Programs/MiKTeX/fonts/type1/urw/symbol/usyr.pfb><C:/Users/jpca0/AppData/Local/Programs/MiKTeX/fonts/type1/urw/symbol/usyr.pfb><C:/Users/jpca0/AppData/Local/Programs/MiKTeX/fonts/type1/urw/times/utmb8a.pfb><C:/Users/jpca0/AppData/Local/Programs/MiKTeX/fonts/type1/urw/times/utmr8a.pfb><C:/Users/jpca0/AppData/Local/Programs/MiKTeX/fonts/type1/urw/times/utmri8a.pfb>
Output written on tesis.pdf (127 pages, 2858416 bytes).
PDF statistics:
 1922 PDF objects out of 2073 (max. 8388607)
 509 named destinations out of 1000 (max. 500000)
 1578 words of extra memory for PDF output out of 10000 (max. 10000000)

